Component: ARM Compiler 5.06 (build 20) Tool: armlink [4d35a3]

==============================================================================

Section Cross References

    main.o(i.main) refers to delay.o(i.delay_init) for delay_init
    main.o(i.main) refers to led.o(i.LED_Init) for LED_Init
    main.o(i.main) refers to oled.o(i.OLED_Init) for OLED_Init
    main.o(i.main) refers to oled.o(i.OLED_Clear) for OLED_Clear
    main.o(i.main) refers to hcsr04.o(i.Hcsr04Init) for Hcsr04Init
    main.o(i.main) refers to adc.o(i.Adc_Init) for Adc_Init
    main.o(i.main) refers to key.o(i.KEY_Init) for KEY_Init
    main.o(i.main) refers to adc.o(i.Get_Adc_Average) for Get_Adc_Average
    main.o(i.main) refers to fflt_clz.o(x$fpl$fflt) for __aeabi_i2f
    main.o(i.main) refers to oled.o(i.OLED_ShowCHinese) for OLED_ShowCHinese
    main.o(i.main) refers to ffixu.o(x$fpl$ffixu) for __aeabi_f2uiz
    main.o(i.main) refers to oled.o(i.OLED_ShowNum) for OLED_ShowNum
    main.o(i.main) refers to hcsr04.o(i.Hcsr04GetLength) for Hcsr04GetLength
    main.o(i.main) refers to ffix.o(x$fpl$ffix) for __aeabi_f2iz
    main.o(i.main) refers to main.o(.data) for adcx3
    system_stm32f10x.o(i.SetSysClock) refers to system_stm32f10x.o(i.SetSysClockTo72) for SetSysClockTo72
    system_stm32f10x.o(i.SystemCoreClockUpdate) refers to system_stm32f10x.o(.data) for SystemCoreClock
    system_stm32f10x.o(i.SystemInit) refers to system_stm32f10x.o(i.SetSysClock) for SetSysClock
    oled.o(i.IIC_Start1) refers to stm32f10x_gpio.o(i.GPIO_SetBits) for GPIO_SetBits
    oled.o(i.IIC_Start1) refers to stm32f10x_gpio.o(i.GPIO_ResetBits) for GPIO_ResetBits
    oled.o(i.IIC_Stop1) refers to stm32f10x_gpio.o(i.GPIO_SetBits) for GPIO_SetBits
    oled.o(i.IIC_Stop1) refers to stm32f10x_gpio.o(i.GPIO_ResetBits) for GPIO_ResetBits
    oled.o(i.IIC_Wait_Ack1) refers to stm32f10x_gpio.o(i.GPIO_SetBits) for GPIO_SetBits
    oled.o(i.IIC_Wait_Ack1) refers to stm32f10x_gpio.o(i.GPIO_ResetBits) for GPIO_ResetBits
    oled.o(i.OLED_Clear) refers to oled.o(i.OLED_WR_Byte) for OLED_WR_Byte
    oled.o(i.OLED_Display_Off) refers to oled.o(i.OLED_WR_Byte) for OLED_WR_Byte
    oled.o(i.OLED_Display_On) refers to oled.o(i.OLED_WR_Byte) for OLED_WR_Byte
    oled.o(i.OLED_DrawBMP) refers to oled.o(i.OLED_Set_Pos) for OLED_Set_Pos
    oled.o(i.OLED_DrawBMP) refers to oled.o(i.OLED_WR_Byte) for OLED_WR_Byte
    oled.o(i.OLED_Init) refers to stm32f10x_rcc.o(i.RCC_APB2PeriphClockCmd) for RCC_APB2PeriphClockCmd
    oled.o(i.OLED_Init) refers to stm32f10x_gpio.o(i.GPIO_Init) for GPIO_Init
    oled.o(i.OLED_Init) refers to stm32f10x_gpio.o(i.GPIO_SetBits) for GPIO_SetBits
    oled.o(i.OLED_Init) refers to delay.o(i.delay_ms) for delay_ms
    oled.o(i.OLED_Init) refers to oled.o(i.OLED_WR_Byte) for OLED_WR_Byte
    oled.o(i.OLED_On) refers to oled.o(i.OLED_WR_Byte) for OLED_WR_Byte
    oled.o(i.OLED_Set_Pos) refers to oled.o(i.OLED_WR_Byte) for OLED_WR_Byte
    oled.o(i.OLED_ShowCHinese) refers to oled.o(i.OLED_Set_Pos) for OLED_Set_Pos
    oled.o(i.OLED_ShowCHinese) refers to oled.o(i.OLED_WR_Byte) for OLED_WR_Byte
    oled.o(i.OLED_ShowCHinese) refers to oled.o(.data) for Hzk
    oled.o(i.OLED_ShowChar) refers to oled.o(i.OLED_Set_Pos) for OLED_Set_Pos
    oled.o(i.OLED_ShowChar) refers to oled.o(i.OLED_WR_Byte) for OLED_WR_Byte
    oled.o(i.OLED_ShowChar) refers to oled.o(.constdata) for F8X16
    oled.o(i.OLED_ShowNum) refers to oled.o(i.oled_pow) for oled_pow
    oled.o(i.OLED_ShowNum) refers to oled.o(i.OLED_ShowChar) for OLED_ShowChar
    oled.o(i.OLED_ShowString) refers to oled.o(i.OLED_ShowChar) for OLED_ShowChar
    oled.o(i.OLED_WR_Byte) refers to oled.o(i.Write_IIC_Data) for Write_IIC_Data
    oled.o(i.OLED_WR_Byte) refers to oled.o(i.Write_IIC_Command) for Write_IIC_Command
    oled.o(i.Write_IIC_Byte) refers to stm32f10x_gpio.o(i.GPIO_ResetBits) for GPIO_ResetBits
    oled.o(i.Write_IIC_Byte) refers to stm32f10x_gpio.o(i.GPIO_SetBits) for GPIO_SetBits
    oled.o(i.Write_IIC_Command) refers to oled.o(i.IIC_Start1) for IIC_Start1
    oled.o(i.Write_IIC_Command) refers to oled.o(i.Write_IIC_Byte) for Write_IIC_Byte
    oled.o(i.Write_IIC_Command) refers to oled.o(i.IIC_Wait_Ack1) for IIC_Wait_Ack1
    oled.o(i.Write_IIC_Command) refers to oled.o(i.IIC_Stop1) for IIC_Stop1
    oled.o(i.Write_IIC_Data) refers to oled.o(i.IIC_Start1) for IIC_Start1
    oled.o(i.Write_IIC_Data) refers to oled.o(i.Write_IIC_Byte) for Write_IIC_Byte
    oled.o(i.Write_IIC_Data) refers to oled.o(i.IIC_Wait_Ack1) for IIC_Wait_Ack1
    oled.o(i.Write_IIC_Data) refers to oled.o(i.IIC_Stop1) for IIC_Stop1
    oled.o(i.fill_picture) refers to oled.o(i.OLED_WR_Byte) for OLED_WR_Byte
    led.o(i.LED_Init) refers to stm32f10x_rcc.o(i.RCC_APB2PeriphClockCmd) for RCC_APB2PeriphClockCmd
    led.o(i.LED_Init) refers to stm32f10x_gpio.o(i.GPIO_Init) for GPIO_Init
    led.o(i.LED_Init) refers to stm32f10x_gpio.o(i.GPIO_SetBits) for GPIO_SetBits
[...]
    libinit.o(.ARM.Collect$$libinit$$00000000) refers (Special) to libinit2.o(.ARM.Collect$$libinit$$00000013) for __rt_lib_init_lc_ctype_1
    libinit.o(.ARM.Collect$$libinit$$00000000) refers (Special) to libinit2.o(.ARM.Collect$$libinit$$00000015) for __rt_lib_init_lc_monetary_1
    libinit.o(.ARM.Collect$$libinit$$00000000) refers (Special) to libinit2.o(.ARM.Collect$$libinit$$00000017) for __rt_lib_init_lc_numeric_1
    libinit.o(.ARM.Collect$$libinit$$00000000) refers (Special) to libinit2.o(.ARM.Collect$$libinit$$00000019) for __rt_lib_init_lc_time_1
    libinit.o(.ARM.Collect$$libinit$$00000000) refers (Special) to libinit2.o(.ARM.Collect$$libinit$$00000004) for __rt_lib_init_preinit_1
    libinit.o(.ARM.Collect$$libinit$$00000000) refers (Special) to libinit2.o(.ARM.Collect$$libinit$$0000000E) for __rt_lib_init_rand_1
    libinit.o(.ARM.Collect$$libinit$$00000000) refers (Special) to libinit2.o(.ARM.Collect$$libinit$$00000033) for __rt_lib_init_return
    libinit.o(.ARM.Collect$$libinit$$00000000) refers (Special) to libinit2.o(.ARM.Collect$$libinit$$0000001D) for __rt_lib_init_signal_1
    libinit.o(.ARM.Collect$$libinit$$00000000) refers (Special) to libinit2.o(.ARM.Collect$$libinit$$00000025) for __rt_lib_init_stdio_1
    libinit.o(.ARM.Collect$$libinit$$00000000) refers (Special) to libinit2.o(.ARM.Collect$$libinit$$0000000C) for __rt_lib_init_user_alloc_1
    libspace.o(.text) refers to libspace.o(.bss) for __libspace_start
    rtexit.o(.ARM.Collect$$rtexit$$00000000) refers (Special) to rtexit2.o(.ARM.Collect$$rtexit$$00000004) for __rt_exit_exit
    rtexit.o(.ARM.Collect$$rtexit$$00000000) refers (Special) to rtexit2.o(.ARM.Collect$$rtexit$$00000003) for __rt_exit_ls
    rtexit.o(.ARM.Collect$$rtexit$$00000000) refers (Special) to rtexit2.o(.ARM.Collect$$rtexit$$00000002) for __rt_exit_prels_1
    rtexit.o(.ARM.exidx) refers (Special) to rtexit2.o(.ARM.Collect$$rtexit$$00000004) for __rt_exit_exit
    rtexit.o(.ARM.exidx) refers (Special) to rtexit2.o(.ARM.Collect$$rtexit$$00000003) for __rt_exit_ls
    rtexit.o(.ARM.exidx) refers (Special) to rtexit2.o(.ARM.Collect$$rtexit$$00000002) for __rt_exit_prels_1
    rtexit.o(.ARM.exidx) refers to rtexit.o(.ARM.Collect$$rtexit$$00000000) for .ARM.Collect$$rtexit$$00000000
    libinit2.o(.ARM.Collect$$libinit$$00000010) refers to libinit2.o(.ARM.Collect$$libinit$$0000000F) for .ARM.Collect$$libinit$$0000000F
    libinit2.o(.ARM.Collect$$libinit$$00000012) refers to libinit2.o(.ARM.Collect$$libinit$$0000000F) for .ARM.Collect$$libinit$$0000000F
    libinit2.o(.ARM.Collect$$libinit$$00000014) refers to libinit2.o(.ARM.Collect$$libinit$$0000000F) for .ARM.Collect$$libinit$$0000000F
    libinit2.o(.ARM.Collect$$libinit$$00000016) refers to libinit2.o(.ARM.Collect$$libinit$$0000000F) for .ARM.Collect$$libinit$$0000000F
    libinit2.o(.ARM.Collect$$libinit$$00000018) refers to libinit2.o(.ARM.Collect$$libinit$$0000000F) for .ARM.Collect$$libinit$$0000000F
    libinit2.o(.ARM.Collect$$libinit$$00000026) refers to argv_veneer.o(.emb_text) for __ARM_argv_veneer
    libinit2.o(.ARM.Collect$$libinit$$00000027) refers to argv_veneer.o(.emb_text) for __ARM_argv_veneer
    rtexit2.o(.ARM.Collect$$rtexit$$00000003) refers to libshutdown.o(.ARM.Collect$$libshutdown$$00000000) for __rt_lib_shutdown
    rtexit2.o(.ARM.Collect$$rtexit$$00000004) refers to usart.o(i._sys_exit) for _sys_exit
    rtexit2.o(.ARM.exidx) refers to rtexit2.o(.ARM.Collect$$rtexit$$00000001) for .ARM.Collect$$rtexit$$00000001
    rtexit2.o(.ARM.exidx) refers to rtexit2.o(.ARM.Collect$$rtexit$$00000003) for .ARM.Collect$$rtexit$$00000003
    rtexit2.o(.ARM.exidx) refers to rtexit2.o(.ARM.Collect$$rtexit$$00000004) for .ARM.Collect$$rtexit$$00000004
    argv_veneer.o(.emb_text) refers to no_argv.o(.text) for __ARM_get_argv
    _get_argv_nomalloc.o(.text) refers (Special) to hrguard.o(.text) for __heap_region$guard
    _get_argv_nomalloc.o(.text) refers to defsig_rtmem_outer.o(.text) for __rt_SIGRTMEM
    _get_argv_nomalloc.o(.text) refers to sys_command.o(.text) for _sys_command_string
    libshutdown.o(.ARM.Collect$$libshutdown$$00000000) refers (Special) to libshutdown2.o(.ARM.Collect$$libshutdown$$00000002) for __rt_lib_shutdown_cpp_1
    libshutdown.o(.ARM.Collect$$libshutdown$$00000000) refers (Special) to libshutdown2.o(.ARM.Collect$$libshutdown$$00000007) for __rt_lib_shutdown_fp_trap_1
    libshutdown.o(.ARM.Collect$$libshutdown$$00000000) refers (Special) to libshutdown2.o(.ARM.Collect$$libshutdown$$0000000F) for __rt_lib_shutdown_heap_1
    libshutdown.o(.ARM.Collect$$libshutdown$$00000000) refers (Special) to libshutdown2.o(.ARM.Collect$$libshutdown$$00000010) for __rt_lib_shutdown_return
    libshutdown.o(.ARM.Collect$$libshutdown$$00000000) refers (Special) to libshutdown2.o(.ARM.Collect$$libshutdown$$0000000A) for __rt_lib_shutdown_signal_1
    libshutdown.o(.ARM.Collect$$libshutdown$$00000000) refers (Special) to libshutdown2.o(.ARM.Collect$$libshutdown$$00000004) for __rt_lib_shutdown_stdio_1
    libshutdown.o(.ARM.Collect$$libshutdown$$00000000) refers (Special) to libshutdown2.o(.ARM.Collect$$libshutdown$$0000000C) for __rt_lib_shutdown_user_alloc_1
    sys_command.o(.text) refers (Special) to use_no_semi.o(.text) for __I$use$semihosting
    sys_command.o(.text) refers (Special) to indicate_semi.o(.text) for __semihosting_library_function
    defsig_rtmem_outer.o(.text) refers to defsig_rtmem_inner.o(.text) for __rt_SIGRTMEM_inner
    defsig_rtmem_outer.o(.text) refers to defsig_exit.o(.text) for __sig_exit
    defsig_rtmem_formal.o(.text) refers to rt_raise.o(.text) for __rt_raise
    rt_raise.o(.text) refers to __raise.o(.text) for __raise
    rt_raise.o(.text) refers to usart.o(i._sys_exit) for _sys_exit
    defsig_exit.o(.text) refers to usart.o(i._sys_exit) for _sys_exit
    defsig_rtmem_inner.o(.text) refers to defsig_general.o(.text) for __default_signal_display
    __raise.o(.text) refers to defsig.o(CL$$defsig) for __default_signal_handler
    defsig_general.o(.text) refers to sys_wrch.o(.text) for _ttywrch
    sys_wrch.o(.text) refers (Special) to use_no_semi.o(.text) for __I$use$semihosting
    sys_wrch.o(.text) refers (Special) to indicate_semi.o(.text) for __semihosting_library_function
    defsig.o(CL$$defsig) refers to defsig_rtmem_inner.o(.text) for __rt_SIGRTMEM_inner
    defsig_abrt_inner.o(.text) refers to defsig_general.o(.text) for __default_signal_display
    defsig_fpe_inner.o(.text) refers to defsig_general.o(.text) for __default_signal_display
    defsig_rtred_inner.o(.text) refers to defsig_general.o(.text) for __default_signal_display
    defsig_stak_inner.o(.text) refers to defsig_general.o(.text) for __default_signal_display
    defsig_pvfn_inner.o(.text) refers to defsig_general.o(.text) for __default_signal_display
    defsig_cppl_inner.o(.text) refers to defsig_general.o(.text) for __default_signal_display
    defsig_segv_inner.o(.text) refers to defsig_general.o(.text) for __default_signal_display
    defsig_other.o(.text) refers to defsig_general.o(.text) for __default_signal_display


==============================================================================

Removing Unused input sections from the image.

    Removing system_stm32f10x.o(i.SystemCoreClockUpdate), (164 bytes).
    Removing oled.o(i.Delay_1ms), (26 bytes).
    Removing oled.o(i.Delay_50ms), (22 bytes).
    Removing oled.o(i.OLED_Display_Off), (28 bytes).
    Removing oled.o(i.OLED_Display_On), (28 bytes).
    Removing oled.o(i.OLED_DrawBMP), (118 bytes).
    Removing oled.o(i.OLED_On), (62 bytes).
    Removing oled.o(i.OLED_ShowString), (58 bytes).
    Removing oled.o(i.fill_picture), (64 bytes).
    Removing sys.o(.emb_text), (6 bytes).
    Removing sys.o(i.INTX_DISABLE), (4 bytes).
    Removing sys.o(i.INTX_ENABLE), (4 bytes).
    Removing sys.o(i.WFI_SET), (4 bytes).
    Removing usart.o(i.fputc), (28 bytes).
    Removing usart.o(i.uart_init), (160 bytes).
    Removing core_cm3.o(.emb_text), (32 bytes).
    Removing misc.o(i.NVIC_SetVectorTable), (20 bytes).
    Removing misc.o(i.NVIC_SystemLPConfig), (32 bytes).
    Removing stm32f10x_adc.o(i.ADC_AnalogWatchdogCmd), (20 bytes).
    Removing stm32f10x_adc.o(i.ADC_AnalogWatchdogSingleChannelConfig), (16 bytes).
    Removing stm32f10x_adc.o(i.ADC_AnalogWatchdogThresholdsConfig), (6 bytes).
    Removing stm32f10x_adc.o(i.ADC_AutoInjectedConvCmd), (22 bytes).
    Removing stm32f10x_adc.o(i.ADC_ClearFlag), (6 bytes).
    Removing stm32f10x_adc.o(i.ADC_ClearITPendingBit), (10 bytes).
    Removing stm32f10x_adc.o(i.ADC_DMACmd), (22 bytes).
    Removing stm32f10x_adc.o(i.ADC_DiscModeChannelCountConfig), (24 bytes).
    Removing stm32f10x_adc.o(i.ADC_DiscModeCmd), (22 bytes).
    Removing stm32f10x_adc.o(i.ADC_ExternalTrigConvCmd), (22 bytes).
    Removing stm32f10x_adc.o(i.ADC_ExternalTrigInjectedConvCmd), (22 bytes).
    Removing stm32f10x_adc.o(i.ADC_ExternalTrigInjectedConvConfig), (16 bytes).
    Removing stm32f10x_adc.o(i.ADC_GetDualModeConversionValue), (12 bytes).
    Removing stm32f10x_adc.o(i.ADC_GetITStatus), (36 bytes).
    Removing stm32f10x_adc.o(i.ADC_GetInjectedConversionValue), (28 bytes).
    Removing stm32f10x_adc.o(i.ADC_GetSoftwareStartConvStatus), (20 bytes).
    Removing stm32f10x_adc.o(i.ADC_GetSoftwareStartInjectedConvCmdStatus), (20 bytes).
    Removing stm32f10x_adc.o(i.ADC_ITConfig), (24 bytes).
    Removing stm32f10x_adc.o(i.ADC_InjectedChannelConfig), (130 bytes).
    Removing stm32f10x_adc.o(i.ADC_InjectedDiscModeCmd), (22 bytes).
    Removing stm32f10x_adc.o(i.ADC_InjectedSequencerLengthConfig), (24 bytes).
    Removing stm32f10x_adc.o(i.ADC_SetInjectedOffset), (20 bytes).
    Removing stm32f10x_adc.o(i.ADC_SoftwareStartInjectedConvCmd), (22 bytes).
    Removing stm32f10x_adc.o(i.ADC_StructInit), (18 bytes).
    Removing stm32f10x_adc.o(i.ADC_TempSensorVrefintCmd), (36 bytes).
    Removing stm32f10x_gpio.o(i.GPIO_AFIODeInit), (20 bytes).
    Removing stm32f10x_gpio.o(i.GPIO_DeInit), (200 bytes).
    Removing stm32f10x_gpio.o(i.GPIO_ETH_MediaInterfaceConfig), (12 bytes).
    Removing stm32f10x_gpio.o(i.GPIO_EXTILineConfig), (64 bytes).
    Removing stm32f10x_gpio.o(i.GPIO_EventOutputCmd), (12 bytes).
    Removing stm32f10x_gpio.o(i.GPIO_EventOutputConfig), (32 bytes).
    Removing stm32f10x_gpio.o(i.GPIO_PinLockConfig), (18 bytes).
    Removing stm32f10x_gpio.o(i.GPIO_PinRemapConfig), (144 bytes).
    Removing stm32f10x_gpio.o(i.GPIO_ReadInputData), (8 bytes).
    Removing stm32f10x_gpio.o(i.GPIO_ReadInputDataBit), (18 bytes).
    Removing stm32f10x_gpio.o(i.GPIO_ReadOutputData), (8 bytes).
    Removing stm32f10x_gpio.o(i.GPIO_ReadOutputDataBit), (18 bytes).
    Removing stm32f10x_gpio.o(i.GPIO_StructInit), (16 bytes).
    Removing stm32f10x_gpio.o(i.GPIO_Write), (4 bytes).
    Removing stm32f10x_gpio.o(i.GPIO_WriteBit), (10 bytes).
    Removing stm32f10x_rcc.o(i.RCC_AHBPeriphClockCmd), (32 bytes).
    Removing stm32f10x_rcc.o(i.RCC_AdjustHSICalibrationValue), (24 bytes).
    Removing stm32f10x_rcc.o(i.RCC_BackupResetCmd), (12 bytes).
    Removing stm32f10x_rcc.o(i.RCC_ClearFlag), (20 bytes).
    Removing stm32f10x_rcc.o(i.RCC_ClearITPendingBit), (12 bytes).
    Removing stm32f10x_rcc.o(i.RCC_ClockSecuritySystemCmd), (12 bytes).
    Removing stm32f10x_rcc.o(i.RCC_DeInit), (76 bytes).
    Removing stm32f10x_rcc.o(i.RCC_GetClocksFreq), (212 bytes).
    Removing stm32f10x_rcc.o(i.RCC_GetFlagStatus), (60 bytes).
    Removing stm32f10x_rcc.o(i.RCC_GetITStatus), (24 bytes).
    Removing stm32f10x_rcc.o(i.RCC_GetSYSCLKSource), (16 bytes).
    Removing stm32f10x_rcc.o(i.RCC_HCLKConfig), (24 bytes).
    Removing stm32f10x_rcc.o(i.RCC_HSEConfig), (76 bytes).
    Removing stm32f10x_rcc.o(i.RCC_HSICmd), (12 bytes).
    Removing stm32f10x_rcc.o(i.RCC_ITConfig), (32 bytes).
    Removing stm32f10x_rcc.o(i.RCC_LSEConfig), (52 bytes).
    Removing stm32f10x_rcc.o(i.RCC_LSICmd), (12 bytes).
    Removing stm32f10x_rcc.o(i.RCC_MCOConfig), (12 bytes).
    Removing stm32f10x_rcc.o(i.RCC_PCLK1Config), (24 bytes).
    Removing stm32f10x_rcc.o(i.RCC_PCLK2Config), (24 bytes).
    Removing stm32f10x_rcc.o(i.RCC_PLLCmd), (12 bytes).
    Removing stm32f10x_rcc.o(i.RCC_PLLConfig), (28 bytes).
    Removing stm32f10x_rcc.o(i.RCC_RTCCLKCmd), (12 bytes).
    Removing stm32f10x_rcc.o(i.RCC_RTCCLKConfig), (16 bytes).
    Removing stm32f10x_rcc.o(i.RCC_SYSCLKConfig), (24 bytes).
    Removing stm32f10x_rcc.o(i.RCC_USBCLKConfig), (12 bytes).
    Removing stm32f10x_rcc.o(i.RCC_WaitForHSEStartUp), (56 bytes).
    Removing stm32f10x_rcc.o(.data), (20 bytes).
    Removing stm32f10x_usart.o(i.USART_ClearFlag), (18 bytes).
    Removing stm32f10x_usart.o(i.USART_ClearITPendingBit), (30 bytes).
    Removing stm32f10x_usart.o(i.USART_ClockInit), (34 bytes).
    Removing stm32f10x_usart.o(i.USART_ClockStructInit), (12 bytes).
    Removing stm32f10x_usart.o(i.USART_Cmd), (24 bytes).
    Removing stm32f10x_usart.o(i.USART_DMACmd), (18 bytes).
    Removing stm32f10x_usart.o(i.USART_DeInit), (156 bytes).
    Removing stm32f10x_usart.o(i.USART_GetFlagStatus), (26 bytes).
    Removing stm32f10x_usart.o(i.USART_HalfDuplexCmd), (24 bytes).
    Removing stm32f10x_usart.o(i.USART_ITConfig), (74 bytes).
    Removing stm32f10x_usart.o(i.USART_Init), (216 bytes).
    Removing stm32f10x_usart.o(i.USART_IrDACmd), (24 bytes).
    Removing stm32f10x_usart.o(i.USART_IrDAConfig), (18 bytes).
    Removing stm32f10x_usart.o(i.USART_LINBreakDetectLengthConfig), (18 bytes).
    Removing stm32f10x_usart.o(i.USART_LINCmd), (24 bytes).
    Removing stm32f10x_usart.o(i.USART_OneBitMethodCmd), (24 bytes).
    Removing stm32f10x_usart.o(i.USART_OverSampling8Cmd), (22 bytes).
    Removing stm32f10x_usart.o(i.USART_ReceiverWakeUpCmd), (24 bytes).
    Removing stm32f10x_usart.o(i.USART_SendBreak), (10 bytes).
    Removing stm32f10x_usart.o(i.USART_SendData), (8 bytes).
    Removing stm32f10x_usart.o(i.USART_SetAddress), (18 bytes).
    Removing stm32f10x_usart.o(i.USART_SetGuardTime), (16 bytes).
    Removing stm32f10x_usart.o(i.USART_SetPrescaler), (16 bytes).
    Removing stm32f10x_usart.o(i.USART_SmartCardCmd), (24 bytes).
    Removing stm32f10x_usart.o(i.USART_SmartCardNACKCmd), (24 bytes).
    Removing stm32f10x_usart.o(i.USART_StructInit), (24 bytes).
    Removing stm32f10x_usart.o(i.USART_WakeUpConfig), (18 bytes).
    Removing stm32f10x_tim.o(i.TI1_Config), (128 bytes).
    Removing stm32f10x_tim.o(i.TI2_Config), (152 bytes).
    Removing stm32f10x_tim.o(i.TI3_Config), (144 bytes).
    Removing stm32f10x_tim.o(i.TI4_Config), (152 bytes).
    Removing stm32f10x_tim.o(i.TIM_ARRPreloadConfig), (24 bytes).
    Removing stm32f10x_tim.o(i.TIM_BDTRConfig), (32 bytes).
    Removing stm32f10x_tim.o(i.TIM_BDTRStructInit), (18 bytes).
    Removing stm32f10x_tim.o(i.TIM_CCPreloadControl), (24 bytes).
    Removing stm32f10x_tim.o(i.TIM_CCxCmd), (30 bytes).
    Removing stm32f10x_tim.o(i.TIM_CCxNCmd), (30 bytes).
    Removing stm32f10x_tim.o(i.TIM_ClearOC1Ref), (18 bytes).
    Removing stm32f10x_tim.o(i.TIM_ClearOC2Ref), (24 bytes).
    Removing stm32f10x_tim.o(i.TIM_ClearOC3Ref), (18 bytes).
    Removing stm32f10x_tim.o(i.TIM_ClearOC4Ref), (24 bytes).
    Removing stm32f10x_tim.o(i.TIM_CounterModeConfig), (18 bytes).
    Removing stm32f10x_tim.o(i.TIM_CtrlPWMOutputs), (30 bytes).
    Removing stm32f10x_tim.o(i.TIM_DMACmd), (18 bytes).
    Removing stm32f10x_tim.o(i.TIM_DMAConfig), (10 bytes).
    Removing stm32f10x_tim.o(i.TIM_ETRClockMode1Config), (54 bytes).
    Removing stm32f10x_tim.o(i.TIM_ETRClockMode2Config), (32 bytes).
    Removing stm32f10x_tim.o(i.TIM_ETRConfig), (28 bytes).
    Removing stm32f10x_tim.o(i.TIM_EncoderInterfaceConfig), (66 bytes).
    Removing stm32f10x_tim.o(i.TIM_ForcedOC1Config), (18 bytes).
    Removing stm32f10x_tim.o(i.TIM_ForcedOC2Config), (26 bytes).
    Removing stm32f10x_tim.o(i.TIM_ForcedOC3Config), (18 bytes).
    Removing stm32f10x_tim.o(i.TIM_ForcedOC4Config), (26 bytes).
    Removing stm32f10x_tim.o(i.TIM_GenerateEvent), (4 bytes).
    Removing stm32f10x_tim.o(i.TIM_GetCapture1), (6 bytes).
    Removing stm32f10x_tim.o(i.TIM_GetCapture2), (6 bytes).
    Removing stm32f10x_tim.o(i.TIM_GetCapture3), (6 bytes).
    Removing stm32f10x_tim.o(i.TIM_GetCapture4), (8 bytes).
    Removing stm32f10x_tim.o(i.TIM_GetFlagStatus), (18 bytes).
    Removing stm32f10x_tim.o(i.TIM_GetPrescaler), (6 bytes).
    Removing stm32f10x_tim.o(i.TIM_ICInit), (172 bytes).
    Removing stm32f10x_tim.o(i.TIM_ICStructInit), (18 bytes).
    Removing stm32f10x_tim.o(i.TIM_ITRxExternalClockConfig), (24 bytes).
    Removing stm32f10x_tim.o(i.TIM_InternalClockConfig), (12 bytes).
    Removing stm32f10x_tim.o(i.TIM_OC1FastConfig), (18 bytes).
    Removing stm32f10x_tim.o(i.TIM_OC1Init), (152 bytes).
    Removing stm32f10x_tim.o(i.TIM_OC1NPolarityConfig), (18 bytes).
    Removing stm32f10x_tim.o(i.TIM_OC1PolarityConfig), (18 bytes).
    Removing stm32f10x_tim.o(i.TIM_OC1PreloadConfig), (18 bytes).
    Removing stm32f10x_tim.o(i.TIM_OC2FastConfig), (26 bytes).
    Removing stm32f10x_tim.o(i.TIM_OC2Init), (164 bytes).
    Removing stm32f10x_tim.o(i.TIM_OC2NPolarityConfig), (26 bytes).
    Removing stm32f10x_tim.o(i.TIM_OC2PolarityConfig), (26 bytes).
    Removing stm32f10x_tim.o(i.TIM_OC2PreloadConfig), (26 bytes).
    Removing stm32f10x_tim.o(i.TIM_OC3FastConfig), (18 bytes).
    Removing stm32f10x_tim.o(i.TIM_OC3Init), (160 bytes).
    Removing stm32f10x_tim.o(i.TIM_OC3NPolarityConfig), (26 bytes).
    Removing stm32f10x_tim.o(i.TIM_OC3PolarityConfig), (26 bytes).
    Removing stm32f10x_tim.o(i.TIM_OC3PreloadConfig), (18 bytes).
    Removing stm32f10x_tim.o(i.TIM_OC4FastConfig), (26 bytes).
    Removing stm32f10x_tim.o(i.TIM_OC4Init), (124 bytes).
    Removing stm32f10x_tim.o(i.TIM_OC4PolarityConfig), (26 bytes).
    Removing stm32f10x_tim.o(i.TIM_OC4PreloadConfig), (26 bytes).
    Removing stm32f10x_tim.o(i.TIM_OCStructInit), (20 bytes).
    Removing stm32f10x_tim.o(i.TIM_PWMIConfig), (124 bytes).
    Removing stm32f10x_tim.o(i.TIM_PrescalerConfig), (6 bytes).
    Removing stm32f10x_tim.o(i.TIM_SelectCCDMA), (24 bytes).
    Removing stm32f10x_tim.o(i.TIM_SelectCOM), (24 bytes).
    Removing stm32f10x_tim.o(i.TIM_SelectHallSensor), (24 bytes).
    Removing stm32f10x_tim.o(i.TIM_SelectInputTrigger), (18 bytes).
    Removing stm32f10x_tim.o(i.TIM_SelectMasterSlaveMode), (18 bytes).
    Removing stm32f10x_tim.o(i.TIM_SelectOCxM), (82 bytes).
    Removing stm32f10x_tim.o(i.TIM_SelectOnePulseMode), (18 bytes).
    Removing stm32f10x_tim.o(i.TIM_SelectOutputTrigger), (18 bytes).
    Removing stm32f10x_tim.o(i.TIM_SelectSlaveMode), (18 bytes).
    Removing stm32f10x_tim.o(i.TIM_SetAutoreload), (4 bytes).
    Removing stm32f10x_tim.o(i.TIM_SetClockDivision), (18 bytes).
    Removing stm32f10x_tim.o(i.TIM_SetCompare1), (4 bytes).
    Removing stm32f10x_tim.o(i.TIM_SetCompare2), (4 bytes).
    Removing stm32f10x_tim.o(i.TIM_SetCompare3), (4 bytes).
    Removing stm32f10x_tim.o(i.TIM_SetCompare4), (6 bytes).
    Removing stm32f10x_tim.o(i.TIM_SetIC1Prescaler), (18 bytes).
    Removing stm32f10x_tim.o(i.TIM_SetIC2Prescaler), (26 bytes).
    Removing stm32f10x_tim.o(i.TIM_SetIC3Prescaler), (18 bytes).
    Removing stm32f10x_tim.o(i.TIM_SetIC4Prescaler), (26 bytes).
    Removing stm32f10x_tim.o(i.TIM_TIxExternalClockConfig), (62 bytes).
    Removing stm32f10x_tim.o(i.TIM_TimeBaseStructInit), (18 bytes).
    Removing stm32f10x_tim.o(i.TIM_UpdateDisableConfig), (24 bytes).
    Removing stm32f10x_tim.o(i.TIM_UpdateRequestConfig), (24 bytes).
    Removing stm32f10x_exti.o(i.EXTI_ClearFlag), (12 bytes).
    Removing stm32f10x_exti.o(i.EXTI_ClearITPendingBit), (12 bytes).
    Removing stm32f10x_exti.o(i.EXTI_DeInit), (36 bytes).
    Removing stm32f10x_exti.o(i.EXTI_GenerateSWInterrupt), (16 bytes).
    Removing stm32f10x_exti.o(i.EXTI_GetFlagStatus), (24 bytes).
    Removing stm32f10x_exti.o(i.EXTI_GetITStatus), (40 bytes).
    Removing stm32f10x_exti.o(i.EXTI_Init), (148 bytes).
    Removing stm32f10x_exti.o(i.EXTI_StructInit), (16 bytes).

203 unused section(s) (total 7294 bytes) removed from the image.

==============================================================================

Image Symbol Table

    Local Symbols

    Symbol Name                              Value     Ov Type        Size  Object(Section)

    ../clib/angel/boardlib.s                 0x00000000   Number         0  boardinit3.o ABSOLUTE
    ../clib/angel/boardlib.s                 0x00000000   Number         0  boardinit1.o ABSOLUTE
    ../clib/angel/boardlib.s                 0x00000000   Number         0  boardshut.o ABSOLUTE
    ../clib/angel/boardlib.s                 0x00000000   Number         0  boardinit2.o ABSOLUTE
    ../clib/angel/dczerorl2.s                0x00000000   Number         0  __dczerorl2.o ABSOLUTE
    ../clib/angel/handlers.s                 0x00000000   Number         0  __scatter_zi.o ABSOLUTE
    ../clib/angel/kernel.s                   0x00000000   Number         0  rtexit2.o ABSOLUTE
    ../clib/angel/kernel.s                   0x00000000   Number         0  rtexit.o ABSOLUTE
    ../clib/angel/kernel.s                   0x00000000   Number         0  __rtentry.o ABSOLUTE
    ../clib/angel/kernel.s                   0x00000000   Number         0  __rtentry4.o ABSOLUTE
    ../clib/angel/kernel.s                   0x00000000   Number         0  __rtentry2.o ABSOLUTE
    ../clib/angel/rt.s                       0x00000000   Number         0  rt_raise.o ABSOLUTE
    ../clib/angel/scatter.s                  0x00000000   Number         0  __scatter.o ABSOLUTE
    ../clib/angel/startup.s                  0x00000000   Number         0  __main.o ABSOLUTE
    ../clib/angel/sys.s                      0x00000000   Number         0  indicate_semi.o ABSOLUTE
    ../clib/angel/sys.s                      0x00000000   Number         0  use_no_semi.o ABSOLUTE
    ../clib/angel/sys.s                      0x00000000   Number         0  libspace.o ABSOLUTE
    ../clib/angel/sys.s                      0x00000000   Number         0  sys_stackheap_outer.o ABSOLUTE
    ../clib/angel/sys.s                      0x00000000   Number         0  use_no_semi_2.o ABSOLUTE
    ../clib/angel/sysapp.c                   0x00000000   Number         0  sys_command.o ABSOLUTE
    ../clib/angel/sysapp.c                   0x00000000   Number         0  sys_wrch.o ABSOLUTE
    ../clib/armsys.c                         0x00000000   Number         0  argv_veneer.o ABSOLUTE
    ../clib/armsys.c                         0x00000000   Number         0  argv_veneer.o ABSOLUTE
    ../clib/armsys.c                         0x00000000   Number         0  no_argv.o ABSOLUTE
    ../clib/armsys.c                         0x00000000   Number         0  _get_argv_nomalloc.o ABSOLUTE
    ../clib/heapalloc.c                      0x00000000   Number         0  hrguard.o ABSOLUTE
    ../clib/heapaux.c                        0x00000000   Number         0  heapauxi.o ABSOLUTE
    ../clib/libinit.s                        0x00000000   Number         0  libinit2.o ABSOLUTE
    ../clib/libinit.s                        0x00000000   Number         0  libinit.o ABSOLUTE
    ../clib/libinit.s                        0x00000000   Number         0  libshutdown2.o ABSOLUTE
    ../clib/libinit.s                        0x00000000   Number         0  libshutdown.o ABSOLUTE
    ../clib/signal.c                         0x00000000   Number         0  defsig_rtmem_outer.o ABSOLUTE
    ../clib/signal.c                         0x00000000   Number         0  defsig_exit.o ABSOLUTE
    ../clib/signal.c                         0x00000000   Number         0  defsig_stak_inner.o ABSOLUTE
    ../clib/signal.c                         0x00000000   Number         0  defsig_pvfn_inner.o ABSOLUTE
    ../clib/signal.c                         0x00000000   Number         0  defsig_segv_inner.o ABSOLUTE
    ../clib/signal.c                         0x00000000   Number         0  defsig_cppl_inner.o ABSOLUTE
    ../clib/signal.c                         0x00000000   Number         0  defsig_fpe_inner.o ABSOLUTE
    ../clib/signal.c                         0x00000000   Number         0  defsig_abrt_inner.o ABSOLUTE
    ../clib/signal.c                         0x00000000   Number         0  defsig_general.o ABSOLUTE
    ../clib/signal.c                         0x00000000   Number         0  defsig_rtmem_formal.o ABSOLUTE
    ../clib/signal.c                         0x00000000   Number         0  defsig_other.o ABSOLUTE
    ../clib/signal.c                         0x00000000   Number         0  __raise.o ABSOLUTE
    ../clib/signal.c                         0x00000000   Number         0  defsig_rtred_inner.o ABSOLUTE
    ../clib/signal.c                         0x00000000   Number         0  defsig_rtmem_inner.o ABSOLUTE
    ../clib/signal.s                         0x00000000   Number         0  defsig.o ABSOLUTE
    ../clib/stdlib.c                         0x00000000   Number         0  exit.o ABSOLUTE
    ../fplib/d2f.s                           0x00000000   Number         0  d2f.o ABSOLUTE
    ../fplib/ddiv.s                          0x00000000   Number         0  ddiv.o ABSOLUTE
    ../fplib/dnaninf.s                       0x00000000   Number         0  dnaninf.o ABSOLUTE
    ../fplib/dretinf.s                       0x00000000   Number         0  dretinf.o ABSOLUTE
    ../fplib/f2d.s                           0x00000000   Number         0  f2d.o ABSOLUTE
    ../fplib/faddsub.s                       0x00000000   Number         0  faddsub_clz.o ABSOLUTE
    ../fplib/ffix.s                          0x00000000   Number         0  ffix.o ABSOLUTE
    ../fplib/ffixu.s                         0x00000000   Number         0  ffixu.o ABSOLUTE
    ../fplib/fflt.s                          0x00000000   Number         0  fflt_clz.o ABSOLUTE
    ../fplib/fnaninf.s                       0x00000000   Number         0  fnaninf.o ABSOLUTE
    ../fplib/fpinit.s                        0x00000000   Number         0  fpinit.o ABSOLUTE
    ../fplib/fretinf.s                       0x00000000   Number         0  fretinf.o ABSOLUTE
    ../fplib/usenofp.s                       0x00000000   Number         0  usenofp.o ABSOLUTE
    ..\CORE\core_cm3.c                       0x00000000   Number         0  core_cm3.o ABSOLUTE
    ..\CORE\startup_stm32f10x_md.s           0x00000000   Number         0  startup_stm32f10x_md.o ABSOLUTE
    ..\HARDWARE\ADC\adc.c                    0x00000000   Number         0  adc.o ABSOLUTE
    ..\HARDWARE\HCSR04\hcsr04.c              0x00000000   Number         0  hcsr04.o ABSOLUTE
    ..\HARDWARE\KEY\key.c                    0x00000000   Number         0  key.o ABSOLUTE
    ..\HARDWARE\LED\led.c                    0x00000000   Number         0  led.o ABSOLUTE
    ..\HARDWARE\OLED\oled.c                  0x00000000   Number         0  oled.o ABSOLUTE
    ..\STM32F10x_FWLib\src\misc.c            0x00000000   Number         0  misc.o ABSOLUTE
    ..\STM32F10x_FWLib\src\stm32f10x_adc.c   0x00000000   Number         0  stm32f10x_adc.o ABSOLUTE
    ..\STM32F10x_FWLib\src\stm32f10x_exti.c  0x00000000   Number         0  stm32f10x_exti.o ABSOLUTE
    ..\STM32F10x_FWLib\src\stm32f10x_gpio.c  0x00000000   Number         0  stm32f10x_gpio.o ABSOLUTE
    ..\STM32F10x_FWLib\src\stm32f10x_rcc.c   0x00000000   Number         0  stm32f10x_rcc.o ABSOLUTE
    ..\STM32F10x_FWLib\src\stm32f10x_tim.c   0x00000000   Number         0  stm32f10x_tim.o ABSOLUTE
    ..\STM32F10x_FWLib\src\stm32f10x_usart.c 0x00000000   Number         0  stm32f10x_usart.o ABSOLUTE
    ..\SYSTEM\delay\delay.c                  0x00000000   Number         0  delay.o ABSOLUTE
    ..\SYSTEM\sys\sys.c                      0x00000000   Number         0  sys.o ABSOLUTE
    ..\SYSTEM\usart\usart.c                  0x00000000   Number         0  usart.o ABSOLUTE
    ..\\CORE\\core_cm3.c                     0x00000000   Number         0  core_cm3.o ABSOLUTE
    ..\\SYSTEM\\sys\\sys.c                   0x00000000   Number         0  sys.o ABSOLUTE
    dc.s                                     0x00000000   Number         0  dc.o ABSOLUTE
    main.c                                   0x00000000   Number         0  main.o ABSOLUTE
    stm32f10x_it.c                           0x00000000   Number         0  stm32f10x_it.o ABSOLUTE
    system_stm32f10x.c                       0x00000000   Number         0  system_stm32f10x.o ABSOLUTE
    RESET                                    0x08000000   Section      236  startup_stm32f10x_md.o(RESET)
    !!!main                                  0x080000ec   Section        8  __main.o(!!!main)
    !!!scatter                               0x080000f4   Section       52  __scatter.o(!!!scatter)
    !!dczerorl2                              0x08000128   Section       90  __dczerorl2.o(!!dczerorl2)
    !!handler_zi                             0x08000184   Section       28  __scatter_zi.o(!!handler_zi)
    .ARM.Collect$$libinit$$00000000          0x080001a0   Section        2  libinit.o(.ARM.Collect$$libinit$$00000000)
    .ARM.Collect$$libinit$$00000002          0x080001a2   Section        0  libinit2.o(.ARM.Collect$$libinit$$00000002)
    .ARM.Collect$$libinit$$00000004          0x080001a2   Section        0  libinit2.o(.ARM.Collect$$libinit$$00000004)
    .ARM.Collect$$libinit$$0000000A          0x080001a2   Section        0  libinit2.o(.ARM.Collect$$libinit$$0000000A)
    .ARM.Collect$$libinit$$0000000C          0x080001a2   Section        0  libinit2.o(.ARM.Collect$$libinit$$0000000C)
    .ARM.Collect$$libinit$$0000000E          0x080001a2   Section        0  libinit2.o(.ARM.Collect$$libinit$$0000000E)
    .ARM.Collect$$libinit$$00000011          0x080001a2   Section        0  libinit2.o(.ARM.Collect$$libinit$$00000011)
    .ARM.Collect$$libinit$$00000013          0x080001a2   Section        0  libinit2.o(.ARM.Collect$$libinit$$00000013)
    .ARM.Collect$$libinit$$00000015          0x080001a2   Section        0  libinit2.o(.ARM.Collect$$libinit$$00000015)
    .ARM.Collect$$libinit$$00000017          0x080001a2   Section        0  libinit2.o(.ARM.Collect$$libinit$$00000017)
    .ARM.Collect$$libinit$$00000019          0x080001a2   Section        0  libinit2.o(.ARM.Collect$$libinit$$00000019)
    .ARM.Collect$$libinit$$0000001B          0x080001a2   Section        0  libinit2.o(.ARM.Collect$$libinit$$0000001B)
    .ARM.Collect$$libinit$$0000001D          0x080001a2   Section        0  libinit2.o(.ARM.Collect$$libinit$$0000001D)
    .ARM.Collect$$libinit$$0000001F          0x080001a2   Section        0  libinit2.o(.ARM.Collect$$libinit$$0000001F)
    .ARM.Collect$$libinit$$00000021          0x080001a2   Section        0  libinit2.o(.ARM.Collect$$libinit$$00000021)
    .ARM.Collect$$libinit$$00000023          0x080001a2   Section        0  libinit2.o(.ARM.Collect$$libinit$$00000023)
    .ARM.Collect$$libinit$$00000025          0x080001a2   Section        0  libinit2.o(.ARM.Collect$$libinit$$00000025)
    .ARM.Collect$$libinit$$0000002C          0x080001a2   Section        0  libinit2.o(.ARM.Collect$$libinit$$0000002C)
    .ARM.Collect$$libinit$$0000002E          0x080001a2   Section        0  libinit2.o(.ARM.Collect$$libinit$$0000002E)
    .ARM.Collect$$libinit$$00000030          0x080001a2   Section        0  libinit2.o(.ARM.Collect$$libinit$$00000030)
    .ARM.Collect$$libinit$$00000032          0x080001a2   Section        0  libinit2.o(.ARM.Collect$$libinit$$00000032)
    .ARM.Collect$$libinit$$00000033          0x080001a2   Section        2  libinit2.o(.ARM.Collect$$libinit$$00000033)
    .ARM.Collect$$libshutdown$$00000000      0x080001a4   Section        2  libshutdown.o(.ARM.Collect$$libshutdown$$00000000)
    .ARM.Collect$$libshutdown$$00000002      0x080001a6   Section        0  libshutdown2.o(.ARM.Collect$$libshutdown$$00000002)
    .ARM.Collect$$libshutdown$$00000004      0x080001a6   Section        0  libshutdown2.o(.ARM.Collect$$libshutdown$$00000004)
    .ARM.Collect$$libshutdown$$00000007      0x080001a6   Section        0  libshutdown2.o(.ARM.Collect$$libshutdown$$00000007)
    .ARM.Collect$$libshutdown$$0000000A      0x080001a6   Section        0  libshutdown2.o(.ARM.Collect$$libshutdown$$0000000A)
    .ARM.Collect$$libshutdown$$0000000C      0x080001a6   Section        0  libshutdown2.o(.ARM.Collect$$libshutdown$$0000000C)
    .ARM.Collect$$libshutdown$$0000000F      0x080001a6   Section        0  libshutdown2.o(.ARM.Collect$$libshutdown$$0000000F)
    .ARM.Collect$$libshutdown$$00000010      0x080001a6   Section        2  libshutdown2.o(.ARM.Collect$$libshutdown$$00000010)
    .ARM.Collect$$rtentry$$00000000          0x080001a8   Section        0  __rtentry.o(.ARM.Collect$$rtentry$$00000000)
    .ARM.Collect$$rtentry$$00000002          0x080001a8   Section        0  __rtentry2.o(.ARM.Collect$$rtentry$$00000002)
    .ARM.Collect$$rtentry$$00000004          0x080001a8   Section        6  __rtentry4.o(.ARM.Collect$$rtentry$$00000004)
    .ARM.Collect$$rtentry$$00000009          0x080001ae   Section        0  __rtentry2.o(.ARM.Collect$$rtentry$$00000009)
    .ARM.Collect$$rtentry$$0000000A          0x080001ae   Section        4  __rtentry2.o(.ARM.Collect$$rtentry$$0000000A)
    .ARM.Collect$$rtentry$$0000000C          0x080001b2   Section        0  __rtentry2.o(.ARM.Collect$$rtentry$$0000000C)
    .ARM.Collect$$rtentry$$0000000D          0x080001b2   Section        8  __rtentry2.o(.ARM.Collect$$rtentry$$0000000D)
    .ARM.Collect$$rtexit$$00000000           0x080001ba   Section        2  rtexit.o(.ARM.Collect$$rtexit$$00000000)
    .ARM.Collect$$rtexit$$00000002           0x080001bc   Section        0  rtexit2.o(.ARM.Collect$$rtexit$$00000002)
    .ARM.Collect$$rtexit$$00000003           0x080001bc   Section        4  rtexit2.o(.ARM.Collect$$rtexit$$00000003)
    .ARM.Collect$$rtexit$$00000004           0x080001c0   Section        6  rtexit2.o(.ARM.Collect$$rtexit$$00000004)
    .text                                    0x080001c8   Section       64  startup_stm32f10x_md.o(.text)
    .text                                    0x08000208   Section        2  use_no_semi_2.o(.text)
    .text                                    0x0800020a   Section        0  heapauxi.o(.text)
    .text                                    0x08000210   Section        2  use_no_semi.o(.text)
    .text                                    0x08000212   Section       74  sys_stackheap_outer.o(.text)
    .text                                    0x0800025c   Section        0  exit.o(.text)
    .text                                    0x08000270   Section        8  libspace.o(.text)
    i.ADC_Cmd                                0x08000278   Section        0  stm32f10x_adc.o(i.ADC_Cmd)
    i.ADC_DeInit                             0x08000290   Section        0  stm32f10x_adc.o(i.ADC_DeInit)
    i.ADC_GetCalibrationStatus               0x080002ec   Section        0  stm32f10x_adc.o(i.ADC_GetCalibrationStatus)
    i.ADC_GetConversionValue                 0x08000300   Section        0  stm32f10x_adc.o(i.ADC_GetConversionValue)
    i.ADC_GetFlagStatus                      0x08000308   Section        0  stm32f10x_adc.o(i.ADC_GetFlagStatus)
    i.ADC_GetResetCalibrationStatus          0x0800031a   Section        0  stm32f10x_adc.o(i.ADC_GetResetCalibrationStatus)
    i.ADC_Init                               0x08000330   Section        0  stm32f10x_adc.o(i.ADC_Init)
    i.ADC_RegularChannelConfig               0x08000380   Section        0  stm32f10x_adc.o(i.ADC_RegularChannelConfig)
    i.ADC_ResetCalibration                   0x08000438   Section        0  stm32f10x_adc.o(i.ADC_ResetCalibration)
    i.ADC_SoftwareStartConvCmd               0x08000442   Section        0  stm32f10x_adc.o(i.ADC_SoftwareStartConvCmd)
    i.ADC_StartCalibration                   0x08000458   Section        0  stm32f10x_adc.o(i.ADC_StartCalibration)
    i.Adc_Init                               0x08000464   Section        0  adc.o(i.Adc_Init)
    i.BusFault_Handler                       0x080004f4   Section        0  stm32f10x_it.o(i.BusFault_Handler)
    i.CloseTimerForHc                        0x080004f8   Section        0  hcsr04.o(i.CloseTimerForHc)
    i.DebugMon_Handler                       0x08000508   Section        0  stm32f10x_it.o(i.DebugMon_Handler)
    i.GPIO_Init                              0x0800050a   Section        0  stm32f10x_gpio.o(i.GPIO_Init)
    i.GPIO_ResetBits                         0x08000620   Section        0  stm32f10x_gpio.o(i.GPIO_ResetBits)
    i.GPIO_SetBits                           0x08000624   Section        0  stm32f10x_gpio.o(i.GPIO_SetBits)
    i.GetEchoTimer                           0x08000628   Section        0  hcsr04.o(i.GetEchoTimer)
    i.Get_Adc                                0x0800065c   Section        0  adc.o(i.Get_Adc)
    i.Get_Adc_Average                        0x080006b4   Section        0  adc.o(i.Get_Adc_Average)
    i.HardFault_Handler                      0x080006e2   Section        0  stm32f10x_it.o(i.HardFault_Handler)
    i.Hcsr04GetLength                        0x080006e8   Section        0  hcsr04.o(i.Hcsr04GetLength)
    i.Hcsr04Init                             0x08000790   Section        0  hcsr04.o(i.Hcsr04Init)
    i.IIC_Start1                             0x08000830   Section        0  oled.o(i.IIC_Start1)
    i.IIC_Stop1                              0x08000860   Section        0  oled.o(i.IIC_Stop1)
    i.IIC_Wait_Ack1                          0x08000888   Section        0  oled.o(i.IIC_Wait_Ack1)
    i.KEY_Init                               0x080008a4   Section        0  key.o(i.KEY_Init)
    i.LED_Init                               0x0800090c   Section        0  led.o(i.LED_Init)
    i.MemManage_Handler                      0x0800094c   Section        0  stm32f10x_it.o(i.MemManage_Handler)
    i.NMI_Handler                            0x08000950   Section        0  stm32f10x_it.o(i.NMI_Handler)
    i.NVIC_Init                              0x08000954   Section        0  misc.o(i.NVIC_Init)
    i.NVIC_PriorityGroupConfig               0x080009c4   Section        0  misc.o(i.NVIC_PriorityGroupConfig)
    i.OLED_Clear                             0x080009d8   Section        0  oled.o(i.OLED_Clear)
    i.OLED_Init                              0x08000a18   Section        0  oled.o(i.OLED_Init)
    i.OLED_Set_Pos                           0x08000b30   Section        0  oled.o(i.OLED_Set_Pos)
    i.OLED_ShowCHinese                       0x08000b58   Section        0  oled.o(i.OLED_ShowCHinese)
    i.OLED_ShowChar                          0x08000bc0   Section        0  oled.o(i.OLED_ShowChar)
    i.OLED_ShowNum                           0x08000c64   Section        0  oled.o(i.OLED_ShowNum)
    i.OLED_WR_Byte                           0x08000cec   Section        0  oled.o(i.OLED_WR_Byte)
    i.OpenTimerForHc                         0x08000d04   Section        0  hcsr04.o(i.OpenTimerForHc)
    i.PendSV_Handler                         0x08000d28   Section        0  stm32f10x_it.o(i.PendSV_Handler)
    i.RCC_ADCCLKConfig                       0x08000d2c   Section        0  stm32f10x_rcc.o(i.RCC_ADCCLKConfig)
    i.RCC_APB1PeriphClockCmd                 0x08000d44   Section        0  stm32f10x_rcc.o(i.RCC_APB1PeriphClockCmd)
    i.RCC_APB1PeriphResetCmd                 0x08000d64   Section        0  stm32f10x_rcc.o(i.RCC_APB1PeriphResetCmd)
    i.RCC_APB2PeriphClockCmd                 0x08000d84   Section        0  stm32f10x_rcc.o(i.RCC_APB2PeriphClockCmd)
    i.RCC_APB2PeriphResetCmd                 0x08000da4   Section        0  stm32f10x_rcc.o(i.RCC_APB2PeriphResetCmd)
    i.SVC_Handler                            0x08000dc4   Section        0  stm32f10x_it.o(i.SVC_Handler)
    i.SetSysClock                            0x08000dc6   Section        0  system_stm32f10x.o(i.SetSysClock)
    SetSysClock                              0x08000dc7   Thumb Code     8  system_stm32f10x.o(i.SetSysClock)
    i.SetSysClockTo72                        0x08000dd0   Section        0  system_stm32f10x.o(i.SetSysClockTo72)
    SetSysClockTo72                          0x08000dd1   Thumb Code   214  system_stm32f10x.o(i.SetSysClockTo72)
    i.SysTick_CLKSourceConfig                0x08000eb0   Section        0  misc.o(i.SysTick_CLKSourceConfig)
    i.SysTick_Handler                        0x08000ed8   Section        0  stm32f10x_it.o(i.SysTick_Handler)
    i.SystemInit                             0x08000edc   Section        0  system_stm32f10x.o(i.SystemInit)
    i.TIM4_IRQHandler                        0x08000f3c   Section        0  hcsr04.o(i.TIM4_IRQHandler)
    i.TIM_ClearFlag                          0x08000f64   Section        0  stm32f10x_tim.o(i.TIM_ClearFlag)
    i.TIM_ClearITPendingBit                  0x08000f6a   Section        0  stm32f10x_tim.o(i.TIM_ClearITPendingBit)
    i.TIM_Cmd                                0x08000f70   Section        0  stm32f10x_tim.o(i.TIM_Cmd)
    i.TIM_DeInit                             0x08000f88   Section        0  stm32f10x_tim.o(i.TIM_DeInit)
    i.TIM_GetCounter                         0x08001170   Section        0  stm32f10x_tim.o(i.TIM_GetCounter)
    i.TIM_GetITStatus                        0x08001176   Section        0  stm32f10x_tim.o(i.TIM_GetITStatus)
    i.TIM_ITConfig                           0x08001198   Section        0  stm32f10x_tim.o(i.TIM_ITConfig)
    i.TIM_SetCounter                         0x080011aa   Section        0  stm32f10x_tim.o(i.TIM_SetCounter)
    i.TIM_TimeBaseInit                       0x080011b0   Section        0  stm32f10x_tim.o(i.TIM_TimeBaseInit)
    i.USART1_IRQHandler                      0x08001254   Section        0  usart.o(i.USART1_IRQHandler)
    i.USART_GetITStatus                      0x080012dc   Section        0  stm32f10x_usart.o(i.USART_GetITStatus)
    i.USART_ReceiveData                      0x08001330   Section        0  stm32f10x_usart.o(i.USART_ReceiveData)
    i.UsageFault_Handler                     0x0800133a   Section        0  stm32f10x_it.o(i.UsageFault_Handler)
    i.Write_IIC_Byte                         0x08001340   Section        0  oled.o(i.Write_IIC_Byte)
    i.Write_IIC_Command                      0x0800139c   Section        0  oled.o(i.Write_IIC_Command)
    i.Write_IIC_Data                         0x080013c8   Section        0  oled.o(i.Write_IIC_Data)
    i._sys_exit                              0x080013f4   Section        0  usart.o(i._sys_exit)
    i.delay_init                             0x080013f8   Section        0  delay.o(i.delay_init)
    i.delay_ms                               0x0800143c   Section        0  delay.o(i.delay_ms)
    i.delay_us                               0x08001488   Section        0  delay.o(i.delay_us)
    i.hcsr04_NVIC                            0x080014d4   Section        0  hcsr04.o(i.hcsr04_NVIC)
    i.main                                   0x080014fc   Section        0  main.o(i.main)
    i.oled_pow                               0x080016f4   Section        0  oled.o(i.oled_pow)
    x$fpl$d2f                                0x0800170c   Section       98  d2f.o(x$fpl$d2f)
    x$fpl$ddiv                               0x08001770   Section      688  ddiv.o(x$fpl$ddiv)
    ddiv_entry                               0x08001777   Thumb Code     0  ddiv.o(x$fpl$ddiv)
    x$fpl$dnaninf                            0x08001a20   Section      156  dnaninf.o(x$fpl$dnaninf)
    x$fpl$dretinf                            0x08001abc   Section       12  dretinf.o(x$fpl$dretinf)
    x$fpl$f2d                                0x08001ac8   Section       86  f2d.o(x$fpl$f2d)
    x$fpl$fadd                               0x08001b20   Section      196  faddsub_clz.o(x$fpl$fadd)
    _fadd1                                   0x08001b2f   Thumb Code     0  faddsub_clz.o(x$fpl$fadd)
    x$fpl$ffix                               0x08001be4   Section       54  ffix.o(x$fpl$ffix)
    x$fpl$ffixu                              0x08001c1c   Section       62  ffixu.o(x$fpl$ffixu)
    x$fpl$fflt                               0x08001c5c   Section       48  fflt_clz.o(x$fpl$fflt)
    x$fpl$ffltu                              0x08001c8c   Section       38  fflt_clz.o(x$fpl$ffltu)
    x$fpl$fnaninf                            0x08001cb2   Section      140  fnaninf.o(x$fpl$fnaninf)
    x$fpl$fretinf                            0x08001d3e   Section       10  fretinf.o(x$fpl$fretinf)
    x$fpl$fsub                               0x08001d48   Section      234  faddsub_clz.o(x$fpl$fsub)
    _fsub1                                   0x08001d57   Thumb Code     0  faddsub_clz.o(x$fpl$fsub)
    .constdata                               0x08001e32   Section     2072  oled.o(.constdata)
    x$fpl$usenofp                            0x08001e32   Section        0  usenofp.o(x$fpl$usenofp)
    .data                                    0x20000000   Section       24  main.o(.data)
    .data                                    0x20000018   Section       20  system_stm32f10x.o(.data)
    .data                                    0x2000002c   Section     1088  oled.o(.data)
    .data                                    0x2000046c   Section        2  hcsr04.o(.data)
    .data                                    0x2000046e   Section        4  delay.o(.data)
    fac_us                                   0x2000046e   Data           1  delay.o(.data)
    fac_ms                                   0x20000470   Data           2  delay.o(.data)
    .data                                    0x20000474   Section        6  usart.o(.data)
    .bss                                     0x2000047c   Section      200  usart.o(.bss)
    .bss                                     0x20000544   Section       96  libspace.o(.bss)
    HEAP                                     0x200005a8   Section      512  startup_stm32f10x_md.o(HEAP)
    Heap_Mem                                 0x200005a8   Data         512  startup_stm32f10x_md.o(HEAP)
    STACK                                    0x200007a8   Section     1024  startup_stm32f10x_md.o(STACK)
    Stack_Mem                                0x200007a8   Data        1024  startup_stm32f10x_md.o(STACK)
    __initial_sp                             0x20000ba8   Data           0  startup_stm32f10x_md.o(STACK)

    Global Symbols

    Symbol Name                              Value     Ov Type        Size  Object(Section)

    BuildAttributes$$THM_ISAv4$P$D$K$B$S$PE$A:L22UL41UL21$X:L11$S22US41US21$IEEE1$IW$USESV6$~STKCKD$USESV7$~SHL$OSPACE$ROPI$EBA8$UX$STANDARDLIB$REQ8$PRES8$EABIv2 0x00000000   Number         0  anon$$obj.o ABSOLUTE
    __ARM_use_no_argv                        0x00000000   Number         0  main.o ABSOLUTE
    __ARM_exceptions_init                     - Undefined Weak Reference
    __alloca_initialize                       - Undefined Weak Reference
    __arm_preinit_                            - Undefined Weak Reference
    __cpp_initialize__aeabi_                  - Undefined Weak Reference
    __cxa_finalize                            - Undefined Weak Reference
    __rt_locale                               - Undefined Weak Reference
    __sigvec_lookup                           - Undefined Weak Reference
    _atexit_init                              - Undefined Weak Reference
    _call_atexit_fns                          - Undefined Weak Reference
    _clock_init                               - Undefined Weak Reference
    _fp_trap_init                             - Undefined Weak Reference
    _fp_trap_shutdown                         - Undefined Weak Reference
    _get_lc_collate                           - Undefined Weak Reference
    _get_lc_ctype                             - Undefined Weak Reference
    _get_lc_monetary                          - Undefined Weak Reference
    _get_lc_numeric                           - Undefined Weak Reference
    _get_lc_time                              - Undefined Weak Reference
    _getenv_init                              - Undefined Weak Reference
    _handle_redirection                       - Undefined Weak Reference
    _init_alloc                               - Undefined Weak Reference
    _init_user_alloc                          - Undefined Weak Reference
    _initio                                   - Undefined Weak Reference
    _rand_init                                - Undefined Weak Reference
    _signal_finish                            - Undefined Weak Reference
    _signal_init                              - Undefined Weak Reference
    _terminate_alloc                          - Undefined Weak Reference
    _terminate_user_alloc                     - Undefined Weak Reference
    _terminateio                              - Undefined Weak Reference
    __Vectors_Size                           0x000000ec   Number         0  startup_stm32f10x_md.o ABSOLUTE
    __Vectors                                0x08000000   Data           4  startup_stm32f10x_md.o(RESET)
    __Vectors_End                            0x080000ec   Data           0  startup_stm32f10x_md.o(RESET)
    __main                                   0x080000ed   Thumb Code     8  __main.o(!!!main)
    __scatterload                            0x080000f5   Thumb Code     0  __scatter.o(!!!scatter)
    __scatterload_rt2                        0x080000f5   Thumb Code    44  __scatter.o(!!!scatter)
    __scatterload_rt2_thumb_only             0x080000f5   Thumb Code     0  __scatter.o(!!!scatter)
    __scatterload_null                       0x08000103   Thumb Code     0  __scatter.o(!!!scatter)
    __decompress                             0x08000129   Thumb Code    90  __dczerorl2.o(!!dczerorl2)
    __decompress1                            0x08000129   Thumb Code     0  __dczerorl2.o(!!dczerorl2)
    __scatterload_zeroinit                   0x08000185   Thumb Code    28  __scatter_zi.o(!!handler_zi)
    __rt_lib_init                            0x080001a1   Thumb Code     0  libinit.o(.ARM.Collect$$libinit$$00000000)
    __rt_lib_init_alloca_1                   0x080001a3   Thumb Code     0  libinit2.o(.ARM.Collect$$libinit$$0000002E)
    __rt_lib_init_argv_1                     0x080001a3   Thumb Code     0  libinit2.o(.ARM.Collect$$libinit$$0000002C)
    __rt_lib_init_atexit_1                   0x080001a3   Thumb Code     0  libinit2.o(.ARM.Collect$$libinit$$0000001B)
    __rt_lib_init_clock_1                    0x080001a3   Thumb Code     0  libinit2.o(.ARM.Collect$$libinit$$00000021)
    __rt_lib_init_cpp_1                      0x080001a3   Thumb Code     0  libinit2.o(.ARM.Collect$$libinit$$00000032)
    __rt_lib_init_exceptions_1               0x080001a3   Thumb Code     0  libinit2.o(.ARM.Collect$$libinit$$00000030)
    __rt_lib_init_fp_1                       0x080001a3   Thumb Code     0  libinit2.o(.ARM.Collect$$libinit$$00000002)
    __rt_lib_init_fp_trap_1                  0x080001a3   Thumb Code     0  libinit2.o(.ARM.Collect$$libinit$$0000001F)
    __rt_lib_init_getenv_1                   0x080001a3   Thumb Code     0  libinit2.o(.ARM.Collect$$libinit$$00000023)
    __rt_lib_init_heap_1                     0x080001a3   Thumb Code     0  libinit2.o(.ARM.Collect$$libinit$$0000000A)
    __rt_lib_init_lc_collate_1               0x080001a3   Thumb Code     0  libinit2.o(.ARM.Collect$$libinit$$00000011)
    __rt_lib_init_lc_ctype_1                 0x080001a3   Thumb Code     0  libinit2.o(.ARM.Collect$$libinit$$00000013)
    __rt_lib_init_lc_monetary_1              0x080001a3   Thumb Code     0  libinit2.o(.ARM.Collect$$libinit$$00000015)
    __rt_lib_init_lc_numeric_1               0x080001a3   Thumb Code     0  libinit2.o(.ARM.Collect$$libinit$$00000017)
    __rt_lib_init_lc_time_1                  0x080001a3   Thumb Code     0  libinit2.o(.ARM.Collect$$libinit$$00000019)
    __rt_lib_init_preinit_1                  0x080001a3   Thumb Code     0  libinit2.o(.ARM.Collect$$libinit$$00000004)
    __rt_lib_init_rand_1                     0x080001a3   Thumb Code     0  libinit2.o(.ARM.Collect$$libinit$$0000000E)
    __rt_lib_init_return                     0x080001a3   Thumb Code     0  libinit2.o(.ARM.Collect$$libinit$$00000033)
    __rt_lib_init_signal_1                   0x080001a3   Thumb Code     0  libinit2.o(.ARM.Collect$$libinit$$0000001D)
    __rt_lib_init_stdio_1                    0x080001a3   Thumb Code     0  libinit2.o(.ARM.Collect$$libinit$$00000025)
    __rt_lib_init_user_alloc_1               0x080001a3   Thumb Code     0  libinit2.o(.ARM.Collect$$libinit$$0000000C)
    __rt_lib_shutdown                        0x080001a5   Thumb Code     0  libshutdown.o(.ARM.Collect$$libshutdown$$00000000)
    __rt_lib_shutdown_cpp_1                  0x080001a7   Thumb Code     0  libshutdown2.o(.ARM.Collect$$libshutdown$$00000002)
    __rt_lib_shutdown_fp_trap_1              0x080001a7   Thumb Code     0  libshutdown2.o(.ARM.Collect$$libshutdown$$00000007)
    __rt_lib_shutdown_heap_1                 0x080001a7   Thumb Code     0  libshutdown2.o(.ARM.Collect$$libshutdown$$0000000F)
    __rt_lib_shutdown_return                 0x080001a7   Thumb Code     0  libshutdown2.o(.ARM.Collect$$libshutdown$$00000010)
    __rt_lib_shutdown_signal_1               0x080001a7   Thumb Code     0  libshutdown2.o(.ARM.Collect$$libshutdown$$0000000A)
    __rt_lib_shutdown_stdio_1                0x080001a7   Thumb Code     0  libshutdown2.o(.ARM.Collect$$libshutdown$$00000004)
    __rt_lib_shutdown_user_alloc_1           0x080001a7   Thumb Code     0  libshutdown2.o(.ARM.Collect$$libshutdown$$0000000C)
    __rt_entry                               0x080001a9   Thumb Code     0  __rtentry.o(.ARM.Collect$$rtentry$$00000000)
    __rt_entry_presh_1                       0x080001a9   Thumb Code     0  __rtentry2.o(.ARM.Collect$$rtentry$$00000002)
    __rt_entry_sh                            0x080001a9   Thumb Code     0  __rtentry4.o(.ARM.Collect$$rtentry$$00000004)
    __rt_entry_li                            0x080001af   Thumb Code     0  __rtentry2.o(.ARM.Collect$$rtentry$$0000000A)
    __rt_entry_postsh_1                      0x080001af   Thumb Code     0  __rtentry2.o(.ARM.Collect$$rtentry$$00000009)
    __rt_entry_main                          0x080001b3   Thumb Code     0  __rtentry2.o(.ARM.Collect$$rtentry$$0000000D)
    __rt_entry_postli_1                      0x080001b3   Thumb Code     0  __rtentry2.o(.ARM.Collect$$rtentry$$0000000C)
    __rt_exit                                0x080001bb   Thumb Code     0  rtexit.o(.ARM.Collect$$rtexit$$00000000)
    __rt_exit_ls                             0x080001bd   Thumb Code     0  rtexit2.o(.ARM.Collect$$rtexit$$00000003)
    __rt_exit_prels_1                        0x080001bd   Thumb Code     0  rtexit2.o(.ARM.Collect$$rtexit$$00000002)
    __rt_exit_exit                           0x080001c1   Thumb Code     0  rtexit2.o(.ARM.Collect$$rtexit$$00000004)
    Reset_Handler                            0x080001c9   Thumb Code     8  startup_stm32f10x_md.o(.text)
    ADC1_2_IRQHandler                        0x080001e3   Thumb Code     0  startup_stm32f10x_md.o(.text)
    CAN1_RX1_IRQHandler                      0x080001e3   Thumb Code     0  startup_stm32f10x_md.o(.text)
    CAN1_SCE_IRQHandler                      0x080001e3   Thumb Code     0  startup_stm32f10x_md.o(.text)
    DMA1_Channel1_IRQHandler                 0x080001e3   Thumb Code     0  startup_stm32f10x_md.o(.text)
    DMA1_Channel2_IRQHandler                 0x080001e3   Thumb Code     0  startup_stm32f10x_md.o(.text)
    DMA1_Channel3_IRQHandler                 0x080001e3   Thumb Code     0  startup_stm32f10x_md.o(.text)
    DMA1_Channel4_IRQHandler                 0x080001e3   Thumb Code     0  startup_stm32f10x_md.o(.text)
    DMA1_Channel5_IRQHandler                 0x080001e3   Thumb Code     0  startup_stm32f10x_md.o(.text)
    DMA1_Channel6_IRQHandler                 0x080001e3   Thumb Code     0  startup_stm32f10x_md.o(.text)
    DMA1_Channel7_IRQHandler                 0x080001e3   Thumb Code     0  startup_stm32f10x_md.o(.text)
    EXTI0_IRQHandler                         0x080001e3   Thumb Code     0  startup_stm32f10x_md.o(.text)
    EXTI15_10_IRQHandler                     0x080001e3   Thumb Code     0  startup_stm32f10x_md.o(.text)
    EXTI1_IRQHandler                         0x080001e3   Thumb Code     0  startup_stm32f10x_md.o(.text)
    EXTI2_IRQHandler                         0x080001e3   Thumb Code     0  startup_stm32f10x_md.o(.text)
    EXTI3_IRQHandler                         0x080001e3   Thumb Code     0  startup_stm32f10x_md.o(.text)
    EXTI4_IRQHandler                         0x080001e3   Thumb Code     0  startup_stm32f10x_md.o(.text)
    EXTI9_5_IRQHandler                       0x080001e3   Thumb Code     0  startup_stm32f10x_md.o(.text)
    FLASH_IRQHandler                         0x080001e3   Thumb Code     0  startup_stm32f10x_md.o(.text)
    I2C1_ER_IRQHandler                       0x080001e3   Thumb Code     0  startup_stm32f10x_md.o(.text)
    I2C1_EV_IRQHandler                       0x080001e3   Thumb Code     0  startup_stm32f10x_md.o(.text)
    I2C2_ER_IRQHandler                       0x080001e3   Thumb Code     0  startup_stm32f10x_md.o(.text)
    I2C2_EV_IRQHandler                       0x080001e3   Thumb Code     0  startup_stm32f10x_md.o(.text)
    PVD_IRQHandler                           0x080001e3   Thumb Code     0  startup_stm32f10x_md.o(.text)
    RCC_IRQHandler                           0x080001e3   Thumb Code     0  startup_stm32f10x_md.o(.text)
    RTCAlarm_IRQHandler                      0x080001e3   Thumb Code     0  startup_stm32f10x_md.o(.text)
    RTC_IRQHandler                           0x080001e3   Thumb Code     0  startup_stm32f10x_md.o(.text)
    SPI1_IRQHandler                          0x080001e3   Thumb Code     0  startup_stm32f10x_md.o(.text)
    SPI2_IRQHandler                          0x080001e3   Thumb Code     0  startup_stm32f10x_md.o(.text)
    TAMPER_IRQHandler                        0x080001e3   Thumb Code     0  startup_stm32f10x_md.o(.text)
    TIM1_BRK_IRQHandler                      0x080001e3   Thumb Code     0  startup_stm32f10x_md.o(.text)
    TIM1_CC_IRQHandler                       0x080001e3   Thumb Code     0  startup_stm32f10x_md.o(.text)
    TIM1_TRG_COM_IRQHandler                  0x080001e3   Thumb Code     0  startup_stm32f10x_md.o(.text)
    TIM1_UP_IRQHandler                       0x080001e3   Thumb Code     0  startup_stm32f10x_md.o(.text)
    TIM2_IRQHandler                          0x080001e3   Thumb Code     0  startup_stm32f10x_md.o(.text)
    TIM3_IRQHandler                          0x080001e3   Thumb Code     0  startup_stm32f10x_md.o(.text)
    USART2_IRQHandler                        0x080001e3   Thumb Code     0  startup_stm32f10x_md.o(.text)
    USART3_IRQHandler                        0x080001e3   Thumb Code     0  startup_stm32f10x_md.o(.text)
    USBWakeUp_IRQHandler                     0x080001e3   Thumb Code     0  startup_stm32f10x_md.o(.text)
    USB_HP_CAN1_TX_IRQHandler                0x080001e3   Thumb Code     0  startup_stm32f10x_md.o(.text)
    USB_LP_CAN1_RX0_IRQHandler               0x080001e3   Thumb Code     0  startup_stm32f10x_md.o(.text)
    WWDG_IRQHandler                          0x080001e3   Thumb Code     0  startup_stm32f10x_md.o(.text)
    __user_initial_stackheap                 0x080001e5   Thumb Code     0  startup_stm32f10x_md.o(.text)
    __use_no_semihosting                     0x08000209   Thumb Code     2  use_no_semi_2.o(.text)
    __use_two_region_memory                  0x0800020b   Thumb Code     2  heapauxi.o(.text)
    __rt_heap_escrow$2region                 0x0800020d   Thumb Code     2  heapauxi.o(.text)
    __rt_heap_expand$2region                 0x0800020f   Thumb Code     2  heapauxi.o(.text)
    __I$use$semihosting                      0x08000211   Thumb Code     0  use_no_semi.o(.text)
    __use_no_semihosting_swi                 0x08000211   Thumb Code     2  use_no_semi.o(.text)
    __user_setup_stackheap                   0x08000213   Thumb Code    74  sys_stackheap_outer.o(.text)
    exit                                     0x0800025d   Thumb Code    18  exit.o(.text)
    __user_libspace                          0x08000271   Thumb Code     8  libspace.o(.text)
    __user_perproc_libspace                  0x08000271   Thumb Code     0  libspace.o(.text)
    __user_perthread_libspace                0x08000271   Thumb Code     0  libspace.o(.text)
    ADC_Cmd                                  0x08000279   Thumb Code    22  stm32f10x_adc.o(i.ADC_Cmd)
    ADC_DeInit                               0x08000291   Thumb Code    78  stm32f10x_adc.o(i.ADC_DeInit)
    ADC_GetCalibrationStatus                 0x080002ed   Thumb Code    20  stm32f10x_adc.o(i.ADC_GetCalibrationStatus)
    ADC_GetConversionValue                   0x08000301   Thumb Code     8  stm32f10x_adc.o(i.ADC_GetConversionValue)
    ADC_GetFlagStatus                        0x08000309   Thumb Code    18  stm32f10x_adc.o(i.ADC_GetFlagStatus)
    ADC_GetResetCalibrationStatus            0x0800031b   Thumb Code    20  stm32f10x_adc.o(i.ADC_GetResetCalibrationStatus)
    ADC_Init                                 0x08000331   Thumb Code    70  stm32f10x_adc.o(i.ADC_Init)
    ADC_RegularChannelConfig                 0x08000381   Thumb Code   184  stm32f10x_adc.o(i.ADC_RegularChannelConfig)
    ADC_ResetCalibration                     0x08000439   Thumb Code    10  stm32f10x_adc.o(i.ADC_ResetCalibration)
    ADC_SoftwareStartConvCmd                 0x08000443   Thumb Code    22  stm32f10x_adc.o(i.ADC_SoftwareStartConvCmd)
    ADC_StartCalibration                     0x08000459   Thumb Code    10  stm32f10x_adc.o(i.ADC_StartCalibration)
    Adc_Init                                 0x08000465   Thumb Code   136  adc.o(i.Adc_Init)
    BusFault_Handler                         0x080004f5   Thumb Code     4  stm32f10x_it.o(i.BusFault_Handler)
    CloseTimerForHc                          0x080004f9   Thumb Code    12  hcsr04.o(i.CloseTimerForHc)
    DebugMon_Handler                         0x08000509   Thumb Code     2  stm32f10x_it.o(i.DebugMon_Handler)
    GPIO_Init                                0x0800050b   Thumb Code   278  stm32f10x_gpio.o(i.GPIO_Init)
    GPIO_ResetBits                           0x08000621   Thumb Code     4  stm32f10x_gpio.o(i.GPIO_ResetBits)
    GPIO_SetBits                             0x08000625   Thumb Code     4  stm32f10x_gpio.o(i.GPIO_SetBits)
    GetEchoTimer                             0x08000629   Thumb Code    42  hcsr04.o(i.GetEchoTimer)
    Get_Adc                                  0x0800065d   Thumb Code    82  adc.o(i.Get_Adc)
    Get_Adc_Average                          0x080006b5   Thumb Code    46  adc.o(i.Get_Adc_Average)
    HardFault_Handler                        0x080006e3   Thumb Code     4  stm32f10x_it.o(i.HardFault_Handler)
    Hcsr04GetLength                          0x080006e9   Thumb Code   150  hcsr04.o(i.Hcsr04GetLength)
    Hcsr04Init                               0x08000791   Thumb Code   150  hcsr04.o(i.Hcsr04Init)
    IIC_Start1                               0x08000831   Thumb Code    44  oled.o(i.IIC_Start1)
    IIC_Stop1                                0x08000861   Thumb Code    34  oled.o(i.IIC_Stop1)
    IIC_Wait_Ack1                            0x08000889   Thumb Code    24  oled.o(i.IIC_Wait_Ack1)
    KEY_Init                                 0x080008a5   Thumb Code   100  key.o(i.KEY_Init)
    LED_Init                                 0x0800090d   Thumb Code    60  led.o(i.LED_Init)
    MemManage_Handler                        0x0800094d   Thumb Code     4  stm32f10x_it.o(i.MemManage_Handler)
    NMI_Handler                              0x08000951   Thumb Code     2  stm32f10x_it.o(i.NMI_Handler)
    NVIC_Init                                0x08000955   Thumb Code   100  misc.o(i.NVIC_Init)
    NVIC_PriorityGroupConfig                 0x080009c5   Thumb Code    10  misc.o(i.NVIC_PriorityGroupConfig)
    OLED_Clear                               0x080009d9   Thumb Code    62  oled.o(i.OLED_Clear)
    OLED_Init                                0x08000a19   Thumb Code   274  oled.o(i.OLED_Init)
    OLED_Set_Pos                             0x08000b31   Thumb Code    40  oled.o(i.OLED_Set_Pos)
    OLED_ShowCHinese                         0x08000b59   Thumb Code    98  oled.o(i.OLED_ShowCHinese)
    OLED_ShowChar                            0x08000bc1   Thumb Code   154  oled.o(i.OLED_ShowChar)
    OLED_ShowNum                             0x08000c65   Thumb Code   136  oled.o(i.OLED_ShowNum)
    OLED_WR_Byte                             0x08000ced   Thumb Code    24  oled.o(i.OLED_WR_Byte)
    OpenTimerForHc                           0x08000d05   Thumb Code    26  hcsr04.o(i.OpenTimerForHc)
    PendSV_Handler                           0x08000d29   Thumb Code     2  stm32f10x_it.o(i.PendSV_Handler)
    RCC_ADCCLKConfig                         0x08000d2d   Thumb Code    18  stm32f10x_rcc.o(i.RCC_ADCCLKConfig)
    RCC_APB1PeriphClockCmd                   0x08000d45   Thumb Code    26  stm32f10x_rcc.o(i.RCC_APB1PeriphClockCmd)
    RCC_APB1PeriphResetCmd                   0x08000d65   Thumb Code    26  stm32f10x_rcc.o(i.RCC_APB1PeriphResetCmd)
    RCC_APB2PeriphClockCmd                   0x08000d85   Thumb Code    26  stm32f10x_rcc.o(i.RCC_APB2PeriphClockCmd)
    RCC_APB2PeriphResetCmd                   0x08000da5   Thumb Code    26  stm32f10x_rcc.o(i.RCC_APB2PeriphResetCmd)
    SVC_Handler                              0x08000dc5   Thumb Code     2  stm32f10x_it.o(i.SVC_Handler)
    SysTick_CLKSourceConfig                  0x08000eb1   Thumb Code    40  misc.o(i.SysTick_CLKSourceConfig)
    SysTick_Handler                          0x08000ed9   Thumb Code     2  stm32f10x_it.o(i.SysTick_Handler)
    SystemInit                               0x08000edd   Thumb Code    78  system_stm32f10x.o(i.SystemInit)
    TIM4_IRQHandler                          0x08000f3d   Thumb Code    32  hcsr04.o(i.TIM4_IRQHandler)
    TIM_ClearFlag                            0x08000f65   Thumb Code     6  stm32f10x_tim.o(i.TIM_ClearFlag)
    TIM_ClearITPendingBit                    0x08000f6b   Thumb Code     6  stm32f10x_tim.o(i.TIM_ClearITPendingBit)
    TIM_Cmd                                  0x08000f71   Thumb Code    24  stm32f10x_tim.o(i.TIM_Cmd)
    TIM_DeInit                               0x08000f89   Thumb Code   424  stm32f10x_tim.o(i.TIM_DeInit)
    TIM_GetCounter                           0x08001171   Thumb Code     6  stm32f10x_tim.o(i.TIM_GetCounter)
    TIM_GetITStatus                          0x08001177   Thumb Code    34  stm32f10x_tim.o(i.TIM_GetITStatus)
    TIM_ITConfig                             0x08001199   Thumb Code    18  stm32f10x_tim.o(i.TIM_ITConfig)
    TIM_SetCounter                           0x080011ab   Thumb Code     4  stm32f10x_tim.o(i.TIM_SetCounter)
    TIM_TimeBaseInit                         0x080011b1   Thumb Code   122  stm32f10x_tim.o(i.TIM_TimeBaseInit)
    USART1_IRQHandler                        0x08001255   Thumb Code   122  usart.o(i.USART1_IRQHandler)
    USART_GetITStatus                        0x080012dd   Thumb Code    84  stm32f10x_usart.o(i.USART_GetITStatus)
    USART_ReceiveData                        0x08001331   Thumb Code    10  stm32f10x_usart.o(i.USART_ReceiveData)
    UsageFault_Handler                       0x0800133b   Thumb Code     4  stm32f10x_it.o(i.UsageFault_Handler)
    Write_IIC_Byte                           0x08001341   Thumb Code    88  oled.o(i.Write_IIC_Byte)
    Write_IIC_Command                        0x0800139d   Thumb Code    44  oled.o(i.Write_IIC_Command)
    Write_IIC_Data                           0x080013c9   Thumb Code    44  oled.o(i.Write_IIC_Data)
    _sys_exit                                0x080013f5   Thumb Code     4  usart.o(i._sys_exit)
    delay_init                               0x080013f9   Thumb Code    50  delay.o(i.delay_init)
    delay_ms                                 0x0800143d   Thumb Code    72  delay.o(i.delay_ms)
    delay_us                                 0x08001489   Thumb Code    72  delay.o(i.delay_us)
    hcsr04_NVIC                              0x080014d5   Thumb Code    40  hcsr04.o(i.hcsr04_NVIC)
    main                                     0x080014fd   Thumb Code   474  main.o(i.main)
    oled_pow                                 0x080016f5   Thumb Code    22  oled.o(i.oled_pow)
    __aeabi_d2f                              0x0800170d   Thumb Code     0  d2f.o(x$fpl$d2f)
    _d2f                                     0x0800170d   Thumb Code    98  d2f.o(x$fpl$d2f)
    __aeabi_ddiv                             0x08001771   Thumb Code     0  ddiv.o(x$fpl$ddiv)
    _ddiv                                    0x08001771   Thumb Code   552  ddiv.o(x$fpl$ddiv)
    __fpl_dnaninf                            0x08001a21   Thumb Code   156  dnaninf.o(x$fpl$dnaninf)
    __fpl_dretinf                            0x08001abd   Thumb Code    12  dretinf.o(x$fpl$dretinf)
    __aeabi_f2d                              0x08001ac9   Thumb Code     0  f2d.o(x$fpl$f2d)
    _f2d                                     0x08001ac9   Thumb Code    86  f2d.o(x$fpl$f2d)
    __aeabi_fadd                             0x08001b21   Thumb Code     0  faddsub_clz.o(x$fpl$fadd)
    _fadd                                    0x08001b21   Thumb Code   196  faddsub_clz.o(x$fpl$fadd)
    __aeabi_f2iz                             0x08001be5   Thumb Code     0  ffix.o(x$fpl$ffix)
    _ffix                                    0x08001be5   Thumb Code    54  ffix.o(x$fpl$ffix)
    __aeabi_f2uiz                            0x08001c1d   Thumb Code     0  ffixu.o(x$fpl$ffixu)
    _ffixu                                   0x08001c1d   Thumb Code    62  ffixu.o(x$fpl$ffixu)
    __aeabi_i2f                              0x08001c5d   Thumb Code     0  fflt_clz.o(x$fpl$fflt)
    _fflt                                    0x08001c5d   Thumb Code    48  fflt_clz.o(x$fpl$fflt)
    __aeabi_ui2f                             0x08001c8d   Thumb Code     0  fflt_clz.o(x$fpl$ffltu)
    _ffltu                                   0x08001c8d   Thumb Code    38  fflt_clz.o(x$fpl$ffltu)
    __fpl_fnaninf                            0x08001cb3   Thumb Code   140  fnaninf.o(x$fpl$fnaninf)
    __fpl_fretinf                            0x08001d3f   Thumb Code    10  fretinf.o(x$fpl$fretinf)
    __aeabi_fsub                             0x08001d49   Thumb Code     0  faddsub_clz.o(x$fpl$fsub)
    _fsub                                    0x08001d49   Thumb Code   234  faddsub_clz.o(x$fpl$fsub)
    F6x8                                     0x08001e32   Data         552  oled.o(.constdata)
    __I$use$fp                               0x08001e32   Number         0  usenofp.o(x$fpl$usenofp)
    F8X16                                    0x0800205a   Data        1520  oled.o(.constdata)
    Region$$Table$$Base                      0x0800264c   Number         0  anon$$obj.o(Region$$Table)
    Region$$Table$$Limit                     0x0800266c   Number         0  anon$$obj.o(Region$$Table)
    dis                                      0x20000000   Data           4  main.o(.data)
    adcx3                                    0x20000004   Data           4  main.o(.data)
    adc3                                     0x20000008   Data           4  main.o(.data)
    GM_YZ                                    0x2000000c   Data           4  main.o(.data)
    CH_YZ                                    0x20000010   Data           4  main.o(.data)
    key_value                                0x20000014   Data           4  main.o(.data)
    SystemCoreClock                          0x20000018   Data           4  system_stm32f10x.o(.data)
    AHBPrescTable                            0x2000001c   Data          16  system_stm32f10x.o(.data)
    Hzk                                      0x2000002c   Data        1088  oled.o(.data)
    msHcCount                                0x2000046c   Data           2  hcsr04.o(.data)
    __stdout                                 0x20000474   Data           4  usart.o(.data)
    USART_RX_STA                             0x20000478   Data           2  usart.o(.data)
    USART_RX_BUF                             0x2000047c   Data         200  usart.o(.bss)
    __libspace_start                         0x20000544   Data          96  libspace.o(.bss)
    __temporary_stack_top$libspace           0x200005a4   Data           0  libspace.o(.bss)



==============================================================================

Memory Map of the image

  Image Entry point : 0x080000ed

  Load Region LR_IROM1 (Base: 0x08000000, Size: 0x00002ae8, Max: 0x00010000, ABSOLUTE, COMPRESSED[0x00002838])

    Execution Region ER_IROM1 (Base: 0x08000000, Size: 0x0000266c, Max: 0x00010000, ABSOLUTE)

    Base Addr    Size         Type   Attr      Idx    E Section Name        Object

    0x08000000   0x000000ec   Data   RO          613    RESET               startup_stm32f10x_md.o
    0x080000ec   0x00000008   Code   RO         1978  * !!!main             c_w.l(__main.o)
    0x080000f4   0x00000034   Code   RO         2172    !!!scatter          c_w.l(__scatter.o)
    0x08000128   0x0000005a   Code   RO         2170    !!dczerorl2         c_w.l(__dczerorl2.o)
    0x08000182   0x00000002   PAD
    0x08000184   0x0000001c   Code   RO         2174    !!handler_zi        c_w.l(__scatter_zi.o)
    0x080001a0   0x00000002   Code   RO         2044    .ARM.Collect$$libinit$$00000000  c_w.l(libinit.o)
    0x080001a2   0x00000000   Code   RO         2051    .ARM.Collect$$libinit$$00000002  c_w.l(libinit2.o)
    0x080001a2   0x00000000   Code   RO         2053    .ARM.Collect$$libinit$$00000004  c_w.l(libinit2.o)
    0x080001a2   0x00000000   Code   RO         2056    .ARM.Collect$$libinit$$0000000A  c_w.l(libinit2.o)
    0x080001a2   0x00000000   Code   RO         2058    .ARM.Collect$$libinit$$0000000C  c_w.l(libinit2.o)
    0x080001a2   0x00000000   Code   RO         2060    .ARM.Collect$$libinit$$0000000E  c_w.l(libinit2.o)
    0x080001a2   0x00000000   Code   RO         2063    .ARM.Collect$$libinit$$00000011  c_w.l(libinit2.o)
    0x080001a2   0x00000000   Code   RO         2065    .ARM.Collect$$libinit$$00000013  c_w.l(libinit2.o)
    0x080001a2   0x00000000   Code   RO         2067    .ARM.Collect$$libinit$$00000015  c_w.l(libinit2.o)
    0x080001a2   0x00000000   Code   RO         2069    .ARM.Collect$$libinit$$00000017  c_w.l(libinit2.o)
    0x080001a2   0x00000000   Code   RO         2071    .ARM.Collect$$libinit$$00000019  c_w.l(libinit2.o)
    0x080001a2   0x00000000   Code   RO         2073    .ARM.Collect$$libinit$$0000001B  c_w.l(libinit2.o)
    0x080001a2   0x00000000   Code   RO         2075    .ARM.Collect$$libinit$$0000001D  c_w.l(libinit2.o)
    0x080001a2   0x00000000   Code   RO         2077    .ARM.Collect$$libinit$$0000001F  c_w.l(libinit2.o)
    0x080001a2   0x00000000   Code   RO         2079    .ARM.Collect$$libinit$$00000021  c_w.l(libinit2.o)
    0x080001a2   0x00000000   Code   RO         2081    .ARM.Collect$$libinit$$00000023  c_w.l(libinit2.o)
    0x080001a2   0x00000000   Code   RO         2083    .ARM.Collect$$libinit$$00000025  c_w.l(libinit2.o)
    0x080001a2   0x00000000   Code   RO         2087    .ARM.Collect$$libinit$$0000002C  c_w.l(libinit2.o)
    0x080001a2   0x00000000   Code   RO         2089    .ARM.Collect$$libinit$$0000002E  c_w.l(libinit2.o)
    0x080001a2   0x00000000   Code   RO         2091    .ARM.Collect$$libinit$$00000030  c_w.l(libinit2.o)
    0x080001a2   0x00000000   Code   RO         2093    .ARM.Collect$$libinit$$00000032  c_w.l(libinit2.o)
    0x080001a2   0x00000002   Code   RO         2094    .ARM.Collect$$libinit$$00000033  c_w.l(libinit2.o)
    0x080001a4   0x00000002   Code   RO         2112    .ARM.Collect$$libshutdown$$00000000  c_w.l(libshutdown.o)
    0x080001a6   0x00000000   Code   RO         2122    .ARM.Collect$$libshutdown$$00000002  c_w.l(libshutdown2.o)
    0x080001a6   0x00000000   Code   RO         2124    .ARM.Collect$$libshutdown$$00000004  c_w.l(libshutdown2.o)
    0x080001a6   0x00000000   Code   RO         2127    .ARM.Collect$$libshutdown$$00000007  c_w.l(libshutdown2.o)
    0x080001a6   0x00000000   Code   RO         2130    .ARM.Collect$$libshutdown$$0000000A  c_w.l(libshutdown2.o)
    0x080001a6   0x00000000   Code   RO         2132    .ARM.Collect$$libshutdown$$0000000C  c_w.l(libshutdown2.o)
    0x080001a6   0x00000000   Code   RO         2135    .ARM.Collect$$libshutdown$$0000000F  c_w.l(libshutdown2.o)
    0x080001a6   0x00000002   Code   RO         2136    .ARM.Collect$$libshutdown$$00000010  c_w.l(libshutdown2.o)
    0x080001a8   0x00000000   Code   RO         2010    .ARM.Collect$$rtentry$$00000000  c_w.l(__rtentry.o)
    0x080001a8   0x00000000   Code   RO         2021    .ARM.Collect$$rtentry$$00000002  c_w.l(__rtentry2.o)
    0x080001a8   0x00000006   Code   RO         2033    .ARM.Collect$$rtentry$$00000004  c_w.l(__rtentry4.o)
    0x080001ae   0x00000000   Code   RO         2023    .ARM.Collect$$rtentry$$00000009  c_w.l(__rtentry2.o)
    0x080001ae   0x00000004   Code   RO         2024    .ARM.Collect$$rtentry$$0000000A  c_w.l(__rtentry2.o)
    0x080001b2   0x00000000   Code   RO         2026    .ARM.Collect$$rtentry$$0000000C  c_w.l(__rtentry2.o)
    0x080001b2   0x00000008   Code   RO         2027    .ARM.Collect$$rtentry$$0000000D  c_w.l(__rtentry2.o)
    0x080001ba   0x00000002   Code   RO         2048    .ARM.Collect$$rtexit$$00000000  c_w.l(rtexit.o)
    0x080001bc   0x00000000   Code   RO         2096    .ARM.Collect$$rtexit$$00000002  c_w.l(rtexit2.o)
    0x080001bc   0x00000004   Code   RO         2097    .ARM.Collect$$rtexit$$00000003  c_w.l(rtexit2.o)
    0x080001c0   0x00000006   Code   RO         2098    .ARM.Collect$$rtexit$$00000004  c_w.l(rtexit2.o)
    0x080001c6   0x00000002   PAD
    0x080001c8   0x00000040   Code   RO          614    .text               startup_stm32f10x_md.o
    0x08000208   0x00000002   Code   RO         1974    .text               c_w.l(use_no_semi_2.o)
    0x0800020a   0x00000006   Code   RO         1976    .text               c_w.l(heapauxi.o)
    0x08000210   0x00000002   Code   RO         2008    .text               c_w.l(use_no_semi.o)
    0x08000212   0x0000004a   Code   RO         2035    .text               c_w.l(sys_stackheap_outer.o)
    0x0800025c   0x00000012   Code   RO         2037    .text               c_w.l(exit.o)
    0x0800026e   0x00000002   PAD
    0x08000270   0x00000008   Code   RO         2045    .text               c_w.l(libspace.o)
    0x08000278   0x00000016   Code   RO          660    i.ADC_Cmd           stm32f10x_adc.o
    0x0800028e   0x00000002   PAD
    0x08000290   0x0000005c   Code   RO          662    i.ADC_DeInit        stm32f10x_adc.o
    0x080002ec   0x00000014   Code   RO          668    i.ADC_GetCalibrationStatus  stm32f10x_adc.o
    0x08000300   0x00000008   Code   RO          669    i.ADC_GetConversionValue  stm32f10x_adc.o
    0x08000308   0x00000012   Code   RO          671    i.ADC_GetFlagStatus  stm32f10x_adc.o
    0x0800031a   0x00000014   Code   RO          674    i.ADC_GetResetCalibrationStatus  stm32f10x_adc.o
    0x0800032e   0x00000002   PAD
    0x08000330   0x00000050   Code   RO          678    i.ADC_Init          stm32f10x_adc.o
    0x08000380   0x000000b8   Code   RO          682    i.ADC_RegularChannelConfig  stm32f10x_adc.o
    0x08000438   0x0000000a   Code   RO          683    i.ADC_ResetCalibration  stm32f10x_adc.o
    0x08000442   0x00000016   Code   RO          685    i.ADC_SoftwareStartConvCmd  stm32f10x_adc.o
    0x08000458   0x0000000a   Code   RO          687    i.ADC_StartCalibration  stm32f10x_adc.o
    0x08000462   0x00000002   PAD
    0x08000464   0x00000090   Code   RO          409    i.Adc_Init          adc.o
    0x080004f4   0x00000004   Code   RO          129    i.BusFault_Handler  stm32f10x_it.o
    0x080004f8   0x00000010   Code   RO          434    i.CloseTimerForHc   hcsr04.o
    0x08000508   0x00000002   Code   RO          130    i.DebugMon_Handler  stm32f10x_it.o
    0x0800050a   0x00000116   Code   RO          882    i.GPIO_Init         stm32f10x_gpio.o
    0x08000620   0x00000004   Code   RO          889    i.GPIO_ResetBits    stm32f10x_gpio.o
    0x08000624   0x00000004   Code   RO          890    i.GPIO_SetBits      stm32f10x_gpio.o
    0x08000628   0x00000034   Code   RO          435    i.GetEchoTimer      hcsr04.o
    0x0800065c   0x00000058   Code   RO          410    i.Get_Adc           adc.o
    0x080006b4   0x0000002e   Code   RO          411    i.Get_Adc_Average   adc.o
    0x080006e2   0x00000004   Code   RO          131    i.HardFault_Handler  stm32f10x_it.o
    0x080006e6   0x00000002   PAD
    0x080006e8   0x000000a8   Code   RO          436    i.Hcsr04GetLength   hcsr04.o
    0x08000790   0x000000a0   Code   RO          437    i.Hcsr04Init        hcsr04.o
    0x08000830   0x00000030   Code   RO          254    i.IIC_Start1        oled.o
    0x08000860   0x00000028   Code   RO          255    i.IIC_Stop1         oled.o
    0x08000888   0x0000001c   Code   RO          256    i.IIC_Wait_Ack1     oled.o
    0x080008a4   0x00000068   Code   RO          493    i.KEY_Init          key.o
    0x0800090c   0x00000040   Code   RO          397    i.LED_Init          led.o
    0x0800094c   0x00000004   Code   RO          132    i.MemManage_Handler  stm32f10x_it.o
    0x08000950   0x00000002   Code   RO          133    i.NMI_Handler       stm32f10x_it.o
    0x08000952   0x00000002   PAD
    0x08000954   0x00000070   Code   RO          618    i.NVIC_Init         misc.o
    0x080009c4   0x00000014   Code   RO          619    i.NVIC_PriorityGroupConfig  misc.o
    0x080009d8   0x0000003e   Code   RO          257    i.OLED_Clear        oled.o
    0x08000a16   0x00000002   PAD
    0x08000a18   0x00000118   Code   RO          261    i.OLED_Init         oled.o
    0x08000b30   0x00000028   Code   RO          263    i.OLED_Set_Pos      oled.o
    0x08000b58   0x00000068   Code   RO          264    i.OLED_ShowCHinese  oled.o
    0x08000bc0   0x000000a4   Code   RO          265    i.OLED_ShowChar     oled.o
    0x08000c64   0x00000088   Code   RO          266    i.OLED_ShowNum      oled.o
    0x08000cec   0x00000018   Code   RO          268    i.OLED_WR_Byte      oled.o
    0x08000d04   0x00000024   Code   RO          438    i.OpenTimerForHc    hcsr04.o
    0x08000d28   0x00000002   Code   RO          134    i.PendSV_Handler    stm32f10x_it.o
    0x08000d2a   0x00000002   PAD
    0x08000d2c   0x00000018   Code   RO          990    i.RCC_ADCCLKConfig  stm32f10x_rcc.o
    0x08000d44   0x00000020   Code   RO          992    i.RCC_APB1PeriphClockCmd  stm32f10x_rcc.o
    0x08000d64   0x00000020   Code   RO          993    i.RCC_APB1PeriphResetCmd  stm32f10x_rcc.o
    0x08000d84   0x00000020   Code   RO          994    i.RCC_APB2PeriphClockCmd  stm32f10x_rcc.o
    0x08000da4   0x00000020   Code   RO          995    i.RCC_APB2PeriphResetCmd  stm32f10x_rcc.o
    0x08000dc4   0x00000002   Code   RO          135    i.SVC_Handler       stm32f10x_it.o
    0x08000dc6   0x00000008   Code   RO          218    i.SetSysClock       system_stm32f10x.o
    0x08000dce   0x00000002   PAD
    0x08000dd0   0x000000e0   Code   RO          219    i.SetSysClockTo72   system_stm32f10x.o
    0x08000eb0   0x00000028   Code   RO          622    i.SysTick_CLKSourceConfig  misc.o
    0x08000ed8   0x00000002   Code   RO          136    i.SysTick_Handler   stm32f10x_it.o
    0x08000eda   0x00000002   PAD
    0x08000edc   0x00000060   Code   RO          221    i.SystemInit        system_stm32f10x.o
    0x08000f3c   0x00000028   Code   RO          439    i.TIM4_IRQHandler   hcsr04.o
    0x08000f64   0x00000006   Code   RO         1380    i.TIM_ClearFlag     stm32f10x_tim.o
    0x08000f6a   0x00000006   Code   RO         1381    i.TIM_ClearITPendingBit  stm32f10x_tim.o
    0x08000f70   0x00000018   Code   RO         1386    i.TIM_Cmd           stm32f10x_tim.o
    0x08000f88   0x000001e8   Code   RO         1391    i.TIM_DeInit        stm32f10x_tim.o
    0x08001170   0x00000006   Code   RO         1405    i.TIM_GetCounter    stm32f10x_tim.o
    0x08001176   0x00000022   Code   RO         1407    i.TIM_GetITStatus   stm32f10x_tim.o
    0x08001198   0x00000012   Code   RO         1411    i.TIM_ITConfig      stm32f10x_tim.o
    0x080011aa   0x00000004   Code   RO         1451    i.TIM_SetCounter    stm32f10x_tim.o
    0x080011ae   0x00000002   PAD
    0x080011b0   0x000000a4   Code   RO         1457    i.TIM_TimeBaseInit  stm32f10x_tim.o
    0x08001254   0x00000088   Code   RO          560    i.USART1_IRQHandler  usart.o
    0x080012dc   0x00000054   Code   RO         1198    i.USART_GetITStatus  stm32f10x_usart.o
    0x08001330   0x0000000a   Code   RO         1208    i.USART_ReceiveData  stm32f10x_usart.o
    0x0800133a   0x00000004   Code   RO          137    i.UsageFault_Handler  stm32f10x_it.o
    0x0800133e   0x00000002   PAD
    0x08001340   0x0000005c   Code   RO          269    i.Write_IIC_Byte    oled.o
    0x0800139c   0x0000002c   Code   RO          270    i.Write_IIC_Command  oled.o
    0x080013c8   0x0000002c   Code   RO          271    i.Write_IIC_Data    oled.o
    0x080013f4   0x00000004   Code   RO          561    i._sys_exit         usart.o
    0x080013f8   0x00000044   Code   RO          505    i.delay_init        delay.o
    0x0800143c   0x0000004c   Code   RO          506    i.delay_ms          delay.o
    0x08001488   0x0000004c   Code   RO          507    i.delay_us          delay.o
    0x080014d4   0x00000028   Code   RO          440    i.hcsr04_NVIC       hcsr04.o
    0x080014fc   0x000001f8   Code   RO            1    i.main              main.o
    0x080016f4   0x00000016   Code   RO          273    i.oled_pow          oled.o
    0x0800170a   0x00000002   PAD
    0x0800170c   0x00000062   Code   RO         1980    x$fpl$d2f           fz_ws.l(d2f.o)
    0x0800176e   0x00000002   PAD
    0x08001770   0x000002b0   Code   RO         1983    x$fpl$ddiv          fz_ws.l(ddiv.o)
    0x08001a20   0x0000009c   Code   RO         2011    x$fpl$dnaninf       fz_ws.l(dnaninf.o)
    0x08001abc   0x0000000c   Code   RO         2013    x$fpl$dretinf       fz_ws.l(dretinf.o)
    0x08001ac8   0x00000056   Code   RO         1986    x$fpl$f2d           fz_ws.l(f2d.o)
    0x08001b1e   0x00000002   PAD
    0x08001b20   0x000000c4   Code   RO         1988    x$fpl$fadd          fz_ws.l(faddsub_clz.o)
    0x08001be4   0x00000036   Code   RO         1994    x$fpl$ffix          fz_ws.l(ffix.o)
    0x08001c1a   0x00000002   PAD
    0x08001c1c   0x0000003e   Code   RO         1998    x$fpl$ffixu         fz_ws.l(ffixu.o)
    0x08001c5a   0x00000002   PAD
    0x08001c5c   0x00000030   Code   RO         2003    x$fpl$fflt          fz_ws.l(fflt_clz.o)
    0x08001c8c   0x00000026   Code   RO         2002    x$fpl$ffltu         fz_ws.l(fflt_clz.o)
    0x08001cb2   0x0000008c   Code   RO         2015    x$fpl$fnaninf       fz_ws.l(fnaninf.o)
    0x08001d3e   0x0000000a   Code   RO         2017    x$fpl$fretinf       fz_ws.l(fretinf.o)
    0x08001d48   0x000000ea   Code   RO         1990    x$fpl$fsub          fz_ws.l(faddsub_clz.o)
    0x08001e32   0x00000000   Code   RO         2019    x$fpl$usenofp       fz_ws.l(usenofp.o)
    0x08001e32   0x00000818   Data   RO          274    .constdata          oled.o
    0x0800264a   0x00000002   PAD
    0x0800264c   0x00000020   Data   RO         2168    Region$$Table       anon$$obj.o


    Execution Region RW_IRAM1 (Base: 0x20000000, Size: 0x00000ba8, Max: 0x00005000, ABSOLUTE, COMPRESSED[0x000001cc])

    Base Addr    Size         Type   Attr      Idx    E Section Name        Object

    0x20000000   0x00000018   Data   RW            2    .data               main.o
    0x20000018   0x00000014   Data   RW          222    .data               system_stm32f10x.o
    0x2000002c   0x00000440   Data   RW          275    .data               oled.o
    0x2000046c   0x00000002   Data   RW          441    .data               hcsr04.o
    0x2000046e   0x00000004   Data   RW          508    .data               delay.o
    0x20000472   0x00000002   PAD
    0x20000474   0x00000006   Data   RW          565    .data               usart.o
    0x2000047a   0x00000002   PAD
    0x2000047c   0x000000c8   Zero   RW          564    .bss                usart.o
    0x20000544   0x00000060   Zero   RW         2046    .bss                c_w.l(libspace.o)
    0x200005a4   0x00000004   PAD
    0x200005a8   0x00000200   Zero   RW          612    HEAP                startup_stm32f10x_md.o
    0x200007a8   0x00000400   Zero   RW          611    STACK               startup_stm32f10x_md.o


==============================================================================

Image component sizes


      Code (inc. data)   RO Data    RW Data    ZI Data      Debug   Object Name

       278         14          0          0          0       1707   adc.o
       220         26          0          4          0       1623   delay.o
       512         60          0          2          0       3705   hcsr04.o
       104          4          0          0          0        507   key.o
        64          4          0          0          0        467   led.o
       504         30          0         24          0     252538   main.o
       172         22          0          0          0       1953   misc.o
      1128         40       2072       1088          0       8536   oled.o
        64         26        236          0       1536        780   startup_stm32f10x_md.o
       486         24          0          0          0       8294   stm32f10x_adc.o
       286          0          0          0          0       2932   stm32f10x_gpio.o
        26          0          0          0          0       3470   stm32f10x_it.o
       152         30          0          0          0       2699   stm32f10x_rcc.o
       750        106          0          0          0       5685   stm32f10x_tim.o
        94          0          0          0          0       2656   stm32f10x_usart.o
         0          0          0          0          0         32   sys.o
       328         28          0         20          0       1957   system_stm32f10x.o
       140         14          0          6        200       2792   usart.o

    ----------------------------------------------------------------------
      5332        428       2342       1148       1736     302333   Object Totals
         0          0         32          0          0          0   (incl. Generated)
        24          0          2          4          0          0   (incl. Padding)

    ----------------------------------------------------------------------

      Code (inc. data)   RO Data    RW Data    ZI Data      Debug   Library Member Name

        90          0          0          0          0          0   __dczerorl2.o
         8          0          0          0          0         68   __main.o
         0          0          0          0          0          0   __rtentry.o
        12          0          0          0          0          0   __rtentry2.o
         6          0          0          0          0          0   __rtentry4.o
        52          8          0          0          0          0   __scatter.o
        28          0          0          0          0          0   __scatter_zi.o
        18          0          0          0          0         80   exit.o
         6          0          0          0          0        152   heapauxi.o
         2          0          0          0          0          0   libinit.o
         2          0          0          0          0          0   libinit2.o
         2          0          0          0          0          0   libshutdown.o
         2          0          0          0          0          0   libshutdown2.o
         8          4          0          0         96         68   libspace.o
         2          0          0          0          0          0   rtexit.o
        10          0          0          0          0          0   rtexit2.o
        74          0          0          0          0         80   sys_stackheap_outer.o
         2          0          0          0          0         68   use_no_semi.o
         2          0          0          0          0         68   use_no_semi_2.o
        98          4          0          0          0         92   d2f.o
       688        140          0          0          0        208   ddiv.o
       156          4          0          0          0         92   dnaninf.o
        12          0          0          0          0         68   dretinf.o
        86          4          0          0          0         84   f2d.o
       430          8          0          0          0        168   faddsub_clz.o
        54          4          0          0          0         84   ffix.o
        62          4          0          0          0         84   ffixu.o
        86          0          0          0          0        136   fflt_clz.o
       140          4          0          0          0         84   fnaninf.o
        10          0          0          0          0         68   fretinf.o
         0          0          0          0          0          0   usenofp.o

    ----------------------------------------------------------------------
      2162        184          0          0        100       1752   Library Totals
        14          0          0          0          4          0   (incl. Padding)

    ----------------------------------------------------------------------

      Code (inc. data)   RO Data    RW Data    ZI Data      Debug   Library Name

       326         12          0          0         96        584   c_w.l
      1822        172          0          0          0       1168   fz_ws.l

    ----------------------------------------------------------------------
      2162        184          0          0        100       1752   Library Totals

    ----------------------------------------------------------------------

==============================================================================


      Code (inc. data)   RO Data    RW Data    ZI Data      Debug   

      7494        612       2342       1148       1836     299505   Grand Totals
      7494        612       2342        460       1836     299505   ELF Image Totals (compressed)
      7494        612       2342        460          0          0   ROM Totals

==============================================================================

    Total RO  Size (Code + RO Data)                 9836 (   9.61kB)
    Total RW  Size (RW Data + ZI Data)              2984 (   2.91kB)
    Total ROM Size (Code + RO Data + RW Data)      10296 (  10.05kB)

==============================================================================

